ARM Linker, 5.03 [Build 76] [MDK-ARM Standard]

==============================================================================

Section Cross References

    startup_stm32f4xx.o(STACK) refers (Special) to heapauxi.o(.text) for __use_two_region_memory
    startup_stm32f4xx.o(HEAP) refers (Special) to heapauxi.o(.text) for __use_two_region_memory
    startup_stm32f4xx.o(RESET) refers (Special) to heapauxi.o(.text) for __use_two_region_memory
    startup_stm32f4xx.o(RESET) refers to startup_stm32f4xx.o(STACK) for __initial_sp
    startup_stm32f4xx.o(RESET) refers to startup_stm32f4xx.o(.text) for Reset_Handler
    startup_stm32f4xx.o(RESET) refers to stm32f4xx_it.o(.text) for NMI_Handler
    startup_stm32f4xx.o(RESET) refers to system.o(.text) for SysTick_Handler
    startup_stm32f4xx.o(RESET) refers to usart3.o(.text) for USART3_IRQHandler
    startup_stm32f4xx.o(.text) refers (Special) to heapauxi.o(.text) for __use_two_region_memory
    startup_stm32f4xx.o(.text) refers to system_stm32f4xx.o(.text) for SystemInit
    startup_stm32f4xx.o(.text) refers to __main.o(!!!main) for __main
    startup_stm32f4xx.o(.text) refers to startup_stm32f4xx.o(HEAP) for Heap_Mem
    startup_stm32f4xx.o(.text) refers to startup_stm32f4xx.o(STACK) for Stack_Mem
    main.o(.text) refers to _printf_percent.o(.ARM.Collect$$_printf_percent$$00000000) for _printf_percent
    main.o(.text) refers to _printf_d.o(.ARM.Collect$$_printf_percent$$00000009) for _printf_d
    main.o(.text) refers to _printf_dec.o(.text) for _printf_int_dec
    main.o(.text) refers to noretval__2sprintf.o(.text) for __2sprintf
    main.o(.text) refers to system.o(.text) for System_Init()
    main.o(.text) refers to bsp.o(.text) for Bsp_Configuration()
    main.o(.text) refers to app.o(.text) for App_Init()
    main.o(.text) refers to usart3.o(.text) for Usart_Configuration(long)
    main.o(.text) refers to main.o(t._ZN3ros11NodeHandle_I13Stm32HardwareLi25ELi25ELi512ELi512EE8spinOnceEv) for ros::NodeHandle_<Stm32Hardware, (int)25, (int)25, (int)512, (int)512>::spinOnce()
    main.o(.text) refers to main.o(i._ZN8std_msgs6StringC1Ev) for std_msgs::String::String()
    main.o(.text) refers to main.o(t._ZN3ros11NodeHandle_I13Stm32HardwareLi25ELi25ELi512ELi512EEC1Ev) for ros::NodeHandle_<Stm32Hardware, (int)25, (int)25, (int)512, (int)512>::NodeHandle_()
    main.o(.text) refers to main.o(.data) for i
    main.o(.text) refers to main.o(.bss) for pub
    main.o(.text) refers to main.o(.constdata__ZTVN3ros11Subscriber_E) for vtable for ros::Subscriber_
    main.o(.text) refers to main.o(.constdata__ZTVN3ros10SubscriberIN8std_msgs6StringEEE) for vtable for ros::Subscriber<std_msgs::String>
    main.o(.ARM.exidx) refers to main.o(.text) for .text
    main.o(.init_array) refers to main.o(.text) for __sti___6_main_c
    main.o(.init_array) refers to init_aeabi.o(.text) for __cpp_initialize__aeabi_
    stm32f4xx_it.o(.ARM.exidx) refers to stm32f4xx_it.o(.text) for .text
    system.o(.text) refers to misc.o(.text) for NVIC_PriorityGroupConfig
    system.o(.text) refers to system_stm32f4xx.o(.data) for SystemCoreClock
    system.o(.text) refers to system.o(.data) for runtime
    system.o(.ARM.exidx) refers to system.o(.text) for .text
    bsp.o(.ARM.exidx) refers to bsp.o(.text) for .text
    usart3.o(.text) refers to stm32f4xx_rcc.o(.text) for RCC_AHB1PeriphClockCmd
    usart3.o(.text) refers to stm32f4xx_gpio.o(.text) for GPIO_PinAFConfig
    usart3.o(.text) refers to stm32f4xx_usart.o(.text) for USART_Init
    usart3.o(.text) refers to usart3.o(.data) for TX_Head
    usart3.o(.text) refers to usart3.o(.bss) for TX
    usart3.o(.ARM.exidx) refers to usart3.o(.text) for .text
    app.o(.ARM.exidx) refers to app.o(.text) for .text
    system_stm32f4xx.o(.text) refers to system_stm32f4xx.o(.data) for SystemCoreClock
    system_stm32f4xx.o(.ARM.exidx) refers to system_stm32f4xx.o(.text) for .text
    misc.o(.ARM.exidx) refers to misc.o(.text) for .text
    stm32f4xx_adc.o(.text) refers to stm32f4xx_rcc.o(.text) for RCC_APB2PeriphResetCmd
    stm32f4xx_adc.o(.ARM.exidx) refers to stm32f4xx_adc.o(.text) for .text
    stm32f4xx_can.o(.text) refers to stm32f4xx_rcc.o(.text) for RCC_APB1PeriphResetCmd
    stm32f4xx_can.o(.ARM.exidx) refers to stm32f4xx_can.o(.text) for .text
    stm32f4xx_crc.o(.ARM.exidx) refers to stm32f4xx_crc.o(.text) for .text
    stm32f4xx_cryp.o(.text) refers to stm32f4xx_rcc.o(.text) for RCC_AHB2PeriphResetCmd
    stm32f4xx_cryp.o(.ARM.exidx) refers to stm32f4xx_cryp.o(.text) for .text
    stm32f4xx_cryp_aes.o(.text) refers to stm32f4xx_cryp.o(.text) for CRYP_KeyStructInit
    stm32f4xx_cryp_aes.o(.ARM.exidx) refers to stm32f4xx_cryp_aes.o(.text) for .text
    stm32f4xx_cryp_des.o(.text) refers to stm32f4xx_cryp.o(.text) for CRYP_KeyStructInit
    stm32f4xx_cryp_des.o(.ARM.exidx) refers to stm32f4xx_cryp_des.o(.text) for .text
[...]
    CMSIS\startup_stm32f4xx.s                0x00000000   Number         0  startup_stm32f4xx.o ABSOLUTE
    CMSIS\system_stm32f4xx.c                 0x00000000   Number         0  system_stm32f4xx.o ABSOLUTE
    Math\fast_math.c                         0x00000000   Number         0  fast_math.o ABSOLUTE
    Math\mv_math.c                           0x00000000   Number         0  mv_math.o ABSOLUTE
    STM32F4xx_StdPeriph_Driver\\src\\misc.c  0x00000000   Number         0  misc.o ABSOLUTE
    STM32F4xx_StdPeriph_Driver\\src\\stm32f4xx_adc.c 0x00000000   Number         0  stm32f4xx_adc.o ABSOLUTE
    STM32F4xx_StdPeriph_Driver\\src\\stm32f4xx_can.c 0x00000000   Number         0  stm32f4xx_can.o ABSOLUTE
    STM32F4xx_StdPeriph_Driver\\src\\stm32f4xx_crc.c 0x00000000   Number         0  stm32f4xx_crc.o ABSOLUTE
    STM32F4xx_StdPeriph_Driver\\src\\stm32f4xx_cryp.c 0x00000000   Number         0  stm32f4xx_cryp.o ABSOLUTE
    STM32F4xx_StdPeriph_Driver\\src\\stm32f4xx_cryp_aes.c 0x00000000   Number         0  stm32f4xx_cryp_aes.o ABSOLUTE
    STM32F4xx_StdPeriph_Driver\\src\\stm32f4xx_cryp_des.c 0x00000000   Number         0  stm32f4xx_cryp_des.o ABSOLUTE
    STM32F4xx_StdPeriph_Driver\\src\\stm32f4xx_cryp_tdes.c 0x00000000   Number         0  stm32f4xx_cryp_tdes.o ABSOLUTE
    STM32F4xx_StdPeriph_Driver\\src\\stm32f4xx_dac.c 0x00000000   Number         0  stm32f4xx_dac.o ABSOLUTE
    STM32F4xx_StdPeriph_Driver\\src\\stm32f4xx_dbgmcu.c 0x00000000   Number         0  stm32f4xx_dbgmcu.o ABSOLUTE
    STM32F4xx_StdPeriph_Driver\\src\\stm32f4xx_dcmi.c 0x00000000   Number         0  stm32f4xx_dcmi.o ABSOLUTE
    STM32F4xx_StdPeriph_Driver\\src\\stm32f4xx_dma.c 0x00000000   Number         0  stm32f4xx_dma.o ABSOLUTE
    STM32F4xx_StdPeriph_Driver\\src\\stm32f4xx_exti.c 0x00000000   Number         0  stm32f4xx_exti.o ABSOLUTE
    STM32F4xx_StdPeriph_Driver\\src\\stm32f4xx_flash.c 0x00000000   Number         0  stm32f4xx_flash.o ABSOLUTE
    STM32F4xx_StdPeriph_Driver\\src\\stm32f4xx_fsmc.c 0x00000000   Number         0  stm32f4xx_fsmc.o ABSOLUTE
    STM32F4xx_StdPeriph_Driver\\src\\stm32f4xx_gpio.c 0x00000000   Number         0  stm32f4xx_gpio.o ABSOLUTE
    STM32F4xx_StdPeriph_Driver\\src\\stm32f4xx_hash.c 0x00000000   Number         0  stm32f4xx_hash.o ABSOLUTE
    STM32F4xx_StdPeriph_Driver\\src\\stm32f4xx_hash_md5.c 0x00000000   Number         0  stm32f4xx_hash_md5.o ABSOLUTE
    STM32F4xx_StdPeriph_Driver\\src\\stm32f4xx_hash_sha1.c 0x00000000   Number         0  stm32f4xx_hash_sha1.o ABSOLUTE
    STM32F4xx_StdPeriph_Driver\\src\\stm32f4xx_i2c.c 0x00000000   Number         0  stm32f4xx_i2c.o ABSOLUTE
    STM32F4xx_StdPeriph_Driver\\src\\stm32f4xx_iwdg.c 0x00000000   Number         0  stm32f4xx_iwdg.o ABSOLUTE
    STM32F4xx_StdPeriph_Driver\\src\\stm32f4xx_pwr.c 0x00000000   Number         0  stm32f4xx_pwr.o ABSOLUTE
    STM32F4xx_StdPeriph_Driver\\src\\stm32f4xx_rcc.c 0x00000000   Number         0  stm32f4xx_rcc.o ABSOLUTE
    STM32F4xx_StdPeriph_Driver\\src\\stm32f4xx_rng.c 0x00000000   Number         0  stm32f4xx_rng.o ABSOLUTE
    STM32F4xx_StdPeriph_Driver\\src\\stm32f4xx_rtc.c 0x00000000   Number         0  stm32f4xx_rtc.o ABSOLUTE
    STM32F4xx_StdPeriph_Driver\\src\\stm32f4xx_sdio.c 0x00000000   Number         0  stm32f4xx_sdio.o ABSOLUTE
    STM32F4xx_StdPeriph_Driver\\src\\stm32f4xx_spi.c 0x00000000   Number         0  stm32f4xx_spi.o ABSOLUTE
    STM32F4xx_StdPeriph_Driver\\src\\stm32f4xx_syscfg.c 0x00000000   Number         0  stm32f4xx_syscfg.o ABSOLUTE
    STM32F4xx_StdPeriph_Driver\\src\\stm32f4xx_tim.c 0x00000000   Number         0  stm32f4xx_tim.o ABSOLUTE
    STM32F4xx_StdPeriph_Driver\\src\\stm32f4xx_usart.c 0x00000000   Number         0  stm32f4xx_usart.o ABSOLUTE
    STM32F4xx_StdPeriph_Driver\\src\\stm32f4xx_wwdg.c 0x00000000   Number         0  stm32f4xx_wwdg.o ABSOLUTE
    STM32F4xx_StdPeriph_Driver\src\misc.c    0x00000000   Number         0  misc.o ABSOLUTE
    STM32F4xx_StdPeriph_Driver\src\stm32f4xx_adc.c 0x00000000   Number         0  stm32f4xx_adc.o ABSOLUTE
    STM32F4xx_StdPeriph_Driver\src\stm32f4xx_can.c 0x00000000   Number         0  stm32f4xx_can.o ABSOLUTE
    STM32F4xx_StdPeriph_Driver\src\stm32f4xx_crc.c 0x00000000   Number         0  stm32f4xx_crc.o ABSOLUTE
    STM32F4xx_StdPeriph_Driver\src\stm32f4xx_cryp.c 0x00000000   Number         0  stm32f4xx_cryp.o ABSOLUTE
    STM32F4xx_StdPeriph_Driver\src\stm32f4xx_cryp_aes.c 0x00000000   Number         0  stm32f4xx_cryp_aes.o ABSOLUTE
    STM32F4xx_StdPeriph_Driver\src\stm32f4xx_cryp_des.c 0x00000000   Number         0  stm32f4xx_cryp_des.o ABSOLUTE
    STM32F4xx_StdPeriph_Driver\src\stm32f4xx_cryp_tdes.c 0x00000000   Number         0  stm32f4xx_cryp_tdes.o ABSOLUTE
    STM32F4xx_StdPeriph_Driver\src\stm32f4xx_dac.c 0x00000000   Number         0  stm32f4xx_dac.o ABSOLUTE
    STM32F4xx_StdPeriph_Driver\src\stm32f4xx_dbgmcu.c 0x00000000   Number         0  stm32f4xx_dbgmcu.o ABSOLUTE
    STM32F4xx_StdPeriph_Driver\src\stm32f4xx_dcmi.c 0x00000000   Number         0  stm32f4xx_dcmi.o ABSOLUTE
    STM32F4xx_StdPeriph_Driver\src\stm32f4xx_dma.c 0x00000000   Number         0  stm32f4xx_dma.o ABSOLUTE
    STM32F4xx_StdPeriph_Driver\src\stm32f4xx_exti.c 0x00000000   Number         0  stm32f4xx_exti.o ABSOLUTE
    STM32F4xx_StdPeriph_Driver\src\stm32f4xx_flash.c 0x00000000   Number         0  stm32f4xx_flash.o ABSOLUTE
    STM32F4xx_StdPeriph_Driver\src\stm32f4xx_fsmc.c 0x00000000   Number         0  stm32f4xx_fsmc.o ABSOLUTE
    STM32F4xx_StdPeriph_Driver\src\stm32f4xx_gpio.c 0x00000000   Number         0  stm32f4xx_gpio.o ABSOLUTE
    STM32F4xx_StdPeriph_Driver\src\stm32f4xx_hash.c 0x00000000   Number         0  stm32f4xx_hash.o ABSOLUTE
    STM32F4xx_StdPeriph_Driver\src\stm32f4xx_hash_md5.c 0x00000000   Number         0  stm32f4xx_hash_md5.o ABSOLUTE
    STM32F4xx_StdPeriph_Driver\src\stm32f4xx_hash_sha1.c 0x00000000   Number         0  stm32f4xx_hash_sha1.o ABSOLUTE
    STM32F4xx_StdPeriph_Driver\src\stm32f4xx_i2c.c 0x00000000   Number         0  stm32f4xx_i2c.o ABSOLUTE
    STM32F4xx_StdPeriph_Driver\src\stm32f4xx_iwdg.c 0x00000000   Number         0  stm32f4xx_iwdg.o ABSOLUTE
    STM32F4xx_StdPeriph_Driver\src\stm32f4xx_pwr.c 0x00000000   Number         0  stm32f4xx_pwr.o ABSOLUTE
    STM32F4xx_StdPeriph_Driver\src\stm32f4xx_rcc.c 0x00000000   Number         0  stm32f4xx_rcc.o ABSOLUTE
    STM32F4xx_StdPeriph_Driver\src\stm32f4xx_rng.c 0x00000000   Number         0  stm32f4xx_rng.o ABSOLUTE
    STM32F4xx_StdPeriph_Driver\src\stm32f4xx_rtc.c 0x00000000   Number         0  stm32f4xx_rtc.o ABSOLUTE
    STM32F4xx_StdPeriph_Driver\src\stm32f4xx_sdio.c 0x00000000   Number         0  stm32f4xx_sdio.o ABSOLUTE
    STM32F4xx_StdPeriph_Driver\src\stm32f4xx_spi.c 0x00000000   Number         0  stm32f4xx_spi.o ABSOLUTE
    STM32F4xx_StdPeriph_Driver\src\stm32f4xx_syscfg.c 0x00000000   Number         0  stm32f4xx_syscfg.o ABSOLUTE
    STM32F4xx_StdPeriph_Driver\src\stm32f4xx_tim.c 0x00000000   Number         0  stm32f4xx_tim.o ABSOLUTE
    STM32F4xx_StdPeriph_Driver\src\stm32f4xx_usart.c 0x00000000   Number         0  stm32f4xx_usart.o ABSOLUTE
    STM32F4xx_StdPeriph_Driver\src\stm32f4xx_wwdg.c 0x00000000   Number         0  stm32f4xx_wwdg.o ABSOLUTE
    User\\main.c                             0x00000000   Number         0  main.o ABSOLUTE
    User\\stm32f4xx_it.c                     0x00000000   Number         0  stm32f4xx_it.o ABSOLUTE
    User\\system.c                           0x00000000   Number         0  system.o ABSOLUTE
    User\main.c                              0x00000000   Number         0  main.o ABSOLUTE
    User\stm32f4xx_it.c                      0x00000000   Number         0  stm32f4xx_it.o ABSOLUTE
    User\system.c                            0x00000000   Number         0  system.o ABSOLUTE
    dc.s                                     0x00000000   Number         0  dc.o ABSOLUTE
    ros_lib\duration.cpp                     0x00000000   Number         0  duration.o ABSOLUTE
    ros_lib\time.cpp                         0x00000000   Number         0  time.o ABSOLUTE
    RESET                                    0x08000000   Section      392  startup_stm32f4xx.o(RESET)
    !!!main                                  0x08000188   Section        8  __main.o(!!!main)
    !!!scatter                               0x08000190   Section       52  __scatter.o(!!!scatter)
    !!handler_copy                           0x080001c4   Section       26  __scatter_copy.o(!!handler_copy)
    !!handler_zi                             0x080001e0   Section       28  __scatter_zi.o(!!handler_zi)
    .ARM.Collect$$_printf_percent$$00000000  0x080001fc   Section        0  _printf_percent.o(.ARM.Collect$$_printf_percent$$00000000)
    .ARM.Collect$$_printf_percent$$00000009  0x080001fc   Section        6  _printf_d.o(.ARM.Collect$$_printf_percent$$00000009)
    .ARM.Collect$$_printf_percent$$00000017  0x08000202   Section        4  _printf_percent_end.o(.ARM.Collect$$_printf_percent$$00000017)
    .ARM.Collect$$libinit$$00000000          0x08000206   Section        2  libinit.o(.ARM.Collect$$libinit$$00000000)
    .ARM.Collect$$libinit$$00000001          0x08000208   Section        4  libinit2.o(.ARM.Collect$$libinit$$00000001)
    .ARM.Collect$$libinit$$00000003          0x0800020c   Section        8  libinit2.o(.ARM.Collect$$libinit$$00000003)
    .ARM.Collect$$libinit$$00000008          0x08000214   Section        0  libinit2.o(.ARM.Collect$$libinit$$00000008)
    .ARM.Collect$$libinit$$0000000A          0x08000214   Section        0  libinit2.o(.ARM.Collect$$libinit$$0000000A)
    .ARM.Collect$$libinit$$0000000C          0x08000214   Section        0  libinit2.o(.ARM.Collect$$libinit$$0000000C)
    .ARM.Collect$$libinit$$0000000F          0x08000214   Section        0  libinit2.o(.ARM.Collect$$libinit$$0000000F)
    .ARM.Collect$$libinit$$00000011          0x08000214   Section        0  libinit2.o(.ARM.Collect$$libinit$$00000011)
    .ARM.Collect$$libinit$$00000013          0x08000214   Section        0  libinit2.o(.ARM.Collect$$libinit$$00000013)
    .ARM.Collect$$libinit$$00000015          0x08000214   Section        0  libinit2.o(.ARM.Collect$$libinit$$00000015)
    .ARM.Collect$$libinit$$00000017          0x08000214   Section        0  libinit2.o(.ARM.Collect$$libinit$$00000017)
    .ARM.Collect$$libinit$$00000019          0x08000214   Section        0  libinit2.o(.ARM.Collect$$libinit$$00000019)
    .ARM.Collect$$libinit$$0000001B          0x08000214   Section        0  libinit2.o(.ARM.Collect$$libinit$$0000001B)
    .ARM.Collect$$libinit$$0000001D          0x08000214   Section        0  libinit2.o(.ARM.Collect$$libinit$$0000001D)
    .ARM.Collect$$libinit$$0000001F          0x08000214   Section        0  libinit2.o(.ARM.Collect$$libinit$$0000001F)
    .ARM.Collect$$libinit$$00000021          0x08000214   Section        0  libinit2.o(.ARM.Collect$$libinit$$00000021)
    .ARM.Collect$$libinit$$00000023          0x08000214   Section        0  libinit2.o(.ARM.Collect$$libinit$$00000023)
    .ARM.Collect$$libinit$$0000002A          0x08000214   Section        0  libinit2.o(.ARM.Collect$$libinit$$0000002A)
    .ARM.Collect$$libinit$$0000002C          0x08000214   Section        0  libinit2.o(.ARM.Collect$$libinit$$0000002C)
    .ARM.Collect$$libinit$$0000002E          0x08000214   Section        0  libinit2.o(.ARM.Collect$$libinit$$0000002E)
    .ARM.Collect$$libinit$$0000002F          0x08000214   Section        4  libinit2.o(.ARM.Collect$$libinit$$0000002F)
    .ARM.Collect$$libinit$$00000030          0x08000218   Section        0  libinit2.o(.ARM.Collect$$libinit$$00000030)
    .ARM.Collect$$libinit$$00000031          0x08000218   Section        2  libinit2.o(.ARM.Collect$$libinit$$00000031)
    .ARM.Collect$$libshutdown$$00000000      0x0800021a   Section        2  libshutdown.o(.ARM.Collect$$libshutdown$$00000000)
    .ARM.Collect$$libshutdown$$00000003      0x0800021c   Section        0  libshutdown2.o(.ARM.Collect$$libshutdown$$00000003)
    .ARM.Collect$$libshutdown$$00000006      0x0800021c   Section        0  libshutdown2.o(.ARM.Collect$$libshutdown$$00000006)
    .ARM.Collect$$libshutdown$$00000009      0x0800021c   Section        0  libshutdown2.o(.ARM.Collect$$libshutdown$$00000009)
    .ARM.Collect$$libshutdown$$0000000B      0x0800021c   Section        0  libshutdown2.o(.ARM.Collect$$libshutdown$$0000000B)
    .ARM.Collect$$libshutdown$$0000000E      0x0800021c   Section        0  libshutdown2.o(.ARM.Collect$$libshutdown$$0000000E)
    .ARM.Collect$$libshutdown$$0000000F      0x0800021c   Section        2  libshutdown2.o(.ARM.Collect$$libshutdown$$0000000F)
    .ARM.Collect$$rtentry$$00000000          0x0800021e   Section        0  rtentry.o(.ARM.Collect$$rtentry$$00000000)
    .ARM.Collect$$rtentry$$00000002          0x0800021e   Section        0  rtentry2.o(.ARM.Collect$$rtentry$$00000002)
    .ARM.Collect$$rtentry$$00000004          0x0800021e   Section        6  rtentry4.o(.ARM.Collect$$rtentry$$00000004)
    .ARM.Collect$$rtentry$$00000009          0x08000224   Section        0  rtentry2.o(.ARM.Collect$$rtentry$$00000009)
    .ARM.Collect$$rtentry$$0000000A          0x08000224   Section        4  rtentry2.o(.ARM.Collect$$rtentry$$0000000A)
    .ARM.Collect$$rtentry$$0000000C          0x08000228   Section        0  rtentry2.o(.ARM.Collect$$rtentry$$0000000C)
    .ARM.Collect$$rtentry$$0000000D          0x08000228   Section        8  rtentry2.o(.ARM.Collect$$rtentry$$0000000D)
    .ARM.Collect$$rtexit$$00000000           0x08000230   Section        2  rtexit.o(.ARM.Collect$$rtexit$$00000000)
    .ARM.Collect$$rtexit$$00000002           0x08000232   Section        0  rtexit2.o(.ARM.Collect$$rtexit$$00000002)
    .ARM.Collect$$rtexit$$00000003           0x08000232   Section        4  rtexit2.o(.ARM.Collect$$rtexit$$00000003)
    .ARM.Collect$$rtexit$$00000004           0x08000236   Section        6  rtexit2.o(.ARM.Collect$$rtexit$$00000004)
    .emb_text                                0x0800023c   Section        0  maybetermalloc1.o(.emb_text)
    .text                                    0x0800023c   Section       64  startup_stm32f4xx.o(.text)
    $v0                                      0x0800023c   Number         0  startup_stm32f4xx.o(.text)
    .text                                    0x0800027c   Section        0  main.o(.text)
    __sti___6_main_c                         0x08000367   Thumb Code    72  main.o(.text)
    .text                                    0x080003fc   Section        0  stm32f4xx_it.o(.text)
    .text                                    0x08000414   Section        0  system.o(.text)
    .text                                    0x080004d8   Section        0  bsp.o(.text)
    .text                                    0x080004dc   Section        0  usart3.o(.text)
    Usart3_GpioConfig()                      0x080004dd   Thumb Code    96  usart3.o(.text)
    Usart3_ModeConfig(long)                  0x0800053d   Thumb Code    80  usart3.o(.text)
    .text                                    0x0800074c   Section        0  app.o(.text)
    .text                                    0x08000750   Section        0  system_stm32f4xx.o(.text)
    SetSysClock()                            0x08000751   Thumb Code   218  system_stm32f4xx.o(.text)
    .text                                    0x0800095c   Section        0  misc.o(.text)
    .text                                    0x08000a40   Section        0  stm32f4xx_gpio.o(.text)
    .text                                    0x08000c9c   Section        0  stm32f4xx_rcc.o(.text)
    .text                                    0x08001224   Section        0  stm32f4xx_usart.o(.text)
    .text                                    0x08001640   Section        0  time.o(.text)
    .text                                    0x080016d0   Section        0  h1_realloc.o(.text)
    .text                                    0x08001788   Section        0  noretval__2sprintf.o(.text)
    .text                                    0x080017b0   Section        0  __printf.o(.text)
    .text                                    0x08001818   Section        0  _printf_dec.o(.text)
    .text                                    0x08001890   Section        0  strlen.o(.text)
    .text                                    0x080018ce   Section      138  rt_memcpy_v6.o(.text)
    .text                                    0x08001958   Section      100  rt_memcpy_w.o(.text)
    .text                                    0x080019bc   Section        0  heapauxi.o(.text)
    .text                                    0x080019c4   Section        0  init_aeabi.o(.text)
    .text                                    0x080019e8   Section        8  rt_heap_descriptor_intlibspace.o(.text)
    .text                                    0x080019f0   Section        0  hguard.o(.text)
    .text                                    0x080019f4   Section        0  init_alloc.o(.text)
    .text                                    0x08001a7e   Section        0  h1_alloc.o(.text)
    .text                                    0x08001adc   Section        0  h1_free.o(.text)
    .text                                    0x08001b2a   Section        0  _printf_intcommon.o(.text)
    .text                                    0x08001be4   Section        0  _printf_char_common.o(.text)
    _printf_input_char                       0x08001be5   Thumb Code    10  _printf_char_common.o(.text)
    .text                                    0x08001c14   Section        0  _sputc.o(.text)
    .text                                    0x08001c1e   Section        0  defsig_pvfn_outer.o(.text)
    .text                                    0x08001c2c   Section        8  libspace.o(.text)
    .text                                    0x08001c34   Section        0  h1_init.o(.text)
    .text                                    0x08001c42   Section        0  h1_extend.o(.text)
    .text                                    0x08001c76   Section        0  defsig_exit.o(.text)
    .text                                    0x08001c80   Section        0  defsig_rtmem_outer.o(.text)
    .text                                    0x08001c90   Section        0  defsig_pvfn_inner.o(.text)
    .text                                    0x08001cc0   Section        0  sys_exit.o(.text)
    .text                                    0x08001ccc   Section       74  sys_stackheap_outer.o(.text)
    .text                                    0x08001d16   Section        0  exit.o(.text)
    .text                                    0x08001d22   Section        0  defsig_general.o(.text)
    .text                                    0x08001d54   Section        0  defsig_rtmem_inner.o(.text)
    .text                                    0x08001da4   Section        0  sys_wrch.o(.text)
    .text                                    0x08001db2   Section        2  use_no_semi.o(.text)
    .text                                    0x08001db4   Section        0  indicate_semi.o(.text)
    i._ZN13Stm32Hardware4timeEv              0x08001db4   Section        0  main.o(i._ZN13Stm32Hardware4timeEv)
    i._ZN14rosserial_msgs20RequestParamResponse11deserializeEPh 0x08001dbe   Section        0  main.o(i._ZN14rosserial_msgs20RequestParamResponse11deserializeEPh)
    i._ZN14rosserial_msgs20RequestParamResponse6getMD5Ev 0x08001f08   Section        0  main.o(i._ZN14rosserial_msgs20RequestParamResponse6getMD5Ev)
    i._ZN14rosserial_msgs20RequestParamResponse7getTypeEv 0x08001f34   Section        0  main.o(i._ZN14rosserial_msgs20RequestParamResponse7getTypeEv)
    i._ZN14rosserial_msgs3Log6getMD5Ev       0x08001f40   Section        0  main.o(i._ZN14rosserial_msgs3Log6getMD5Ev)
    i._ZN14rosserial_msgs3Log7getTypeEv      0x08001f6c   Section        0  main.o(i._ZN14rosserial_msgs3Log7getTypeEv)
    i._ZN14rosserial_msgs9TopicInfo6getMD5Ev 0x08001f88   Section        0  main.o(i._ZN14rosserial_msgs9TopicInfo6getMD5Ev)
    i._ZN14rosserial_msgs9TopicInfo7getTypeEv 0x08001fb4   Section        0  main.o(i._ZN14rosserial_msgs9TopicInfo7getTypeEv)
    i._ZN3ros3MsgC2Ev                        0x08001fd8   Section        0  main.o(i._ZN3ros3MsgC2Ev)
    i._ZN8std_msgs4Time11deserializeEPh      0x08001fe4   Section        0  main.o(i._ZN8std_msgs4Time11deserializeEPh)
    i._ZN8std_msgs4Time6getMD5Ev             0x08002040   Section        0  main.o(i._ZN8std_msgs4Time6getMD5Ev)
    i._ZN8std_msgs4Time7getTypeEv            0x0800206c   Section        0  main.o(i._ZN8std_msgs4Time7getTypeEv)
    i._ZN8std_msgs4TimeC1Ev                  0x08002084   Section        0  main.o(i._ZN8std_msgs4TimeC1Ev)
    i._ZN8std_msgs6String11deserializeEPh    0x080020a8   Section        0  main.o(i._ZN8std_msgs6String11deserializeEPh)
    i._ZN8std_msgs6String6getMD5Ev           0x080020d8   Section        0  main.o(i._ZN8std_msgs6String6getMD5Ev)
    i._ZN8std_msgs6String7getTypeEv          0x080020e4   Section        0  main.o(i._ZN8std_msgs6String7getTypeEv)
    i._ZN8std_msgs6StringC1Ev                0x080020f0   Section        0  main.o(i._ZN8std_msgs6StringC1Ev)
    i._ZNK14rosserial_msgs20RequestParamResponse9serializeEPh 0x08002108   Section        0  main.o(i._ZNK14rosserial_msgs20RequestParamResponse9serializeEPh)
    i._ZNK14rosserial_msgs3Log9serializeEPh  0x0800220c   Section        0  main.o(i._ZNK14rosserial_msgs3Log9serializeEPh)
    i._ZNK14rosserial_msgs9TopicInfo9serializeEPh 0x0800223c   Section        0  main.o(i._ZNK14rosserial_msgs9TopicInfo9serializeEPh)
    i._ZNK8std_msgs4Time9serializeEPh        0x080022ce   Section        0  main.o(i._ZNK8std_msgs4Time9serializeEPh)
    i._ZNK8std_msgs6String9serializeEPh      0x08002312   Section        0  main.o(i._ZNK8std_msgs6String9serializeEPh)
    i.__cxa_pure_virtual                     0x0800233c   Section        0  pure_virt.o(i.__cxa_pure_virtual)
    t._ZN3ros10SubscriberIN8std_msgs6StringEE10getMsgTypeEv 0x08002342   Section        0  main.o(t._ZN3ros10SubscriberIN8std_msgs6StringEE10getMsgTypeEv)
    t._ZN3ros10SubscriberIN8std_msgs6StringEE15getEndpointTypeEv 0x08002350   Section        0  main.o(t._ZN3ros10SubscriberIN8std_msgs6StringEE15getEndpointTypeEv)
    t._ZN3ros10SubscriberIN8std_msgs6StringEE8callbackEPh 0x08002356   Section        0  main.o(t._ZN3ros10SubscriberIN8std_msgs6StringEE8callbackEPh)
    t._ZN3ros10SubscriberIN8std_msgs6StringEE9getMsgMD5Ev 0x08002370   Section        0  main.o(t._ZN3ros10SubscriberIN8std_msgs6StringEE9getMsgMD5Ev)
    t._ZN3ros11NodeHandle_I13Stm32HardwareLi25ELi25ELi512ELi512EE15negotiateTopicsEv 0x08002380   Section        0  main.o(t._ZN3ros11NodeHandle_I13Stm32HardwareLi25ELi25ELi512ELi512EE15negotiateTopicsEv)
    t._ZN3ros11NodeHandle_I13Stm32HardwareLi25ELi25ELi512ELi512EE15requestSyncTimeEv 0x080024a8   Section        0  main.o(t._ZN3ros11NodeHandle_I13Stm32HardwareLi25ELi25ELi512ELi512EE15requestSyncTimeEv)
    t._ZN3ros11NodeHandle_I13Stm32HardwareLi25ELi25ELi512ELi512EE7publishEiPKNS_3MsgE 0x080024c8   Section        0  main.o(t._ZN3ros11NodeHandle_I13Stm32HardwareLi25ELi25ELi512ELi512EE7publishEiPKNS_3MsgE)
    t._ZN3ros11NodeHandle_I13Stm32HardwareLi25ELi25ELi512ELi512EE8spinOnceEv 0x08002618   Section        0  main.o(t._ZN3ros11NodeHandle_I13Stm32HardwareLi25ELi25ELi512ELi512EE8spinOnceEv)
    t._ZN3ros11NodeHandle_I13Stm32HardwareLi25ELi25ELi512ELi512EE8syncTimeEPh 0x0800291c   Section        0  main.o(t._ZN3ros11NodeHandle_I13Stm32HardwareLi25ELi25ELi512ELi512EE8syncTimeEPh)
    t._ZN3ros11NodeHandle_I13Stm32HardwareLi25ELi25ELi512ELi512EEC1Ev 0x080029bc   Section        0  main.o(t._ZN3ros11NodeHandle_I13Stm32HardwareLi25ELi25ELi512ELi512EEC1Ev)
    x$fpl$fpinit                             0x08002a6c   Section       10  fpinit.o(x$fpl$fpinit)
    $v0                                      0x08002a6c   Number         0  fpinit.o(x$fpl$fpinit)
    .constdata                               0x08002a78   Section       77  main.o(.constdata)
    rosserial_msgs::REQUESTPARAM             0x08002a78   Data          28  main.o(.constdata)
    .constdata__ZTVN14rosserial_msgs20RequestParamResponseE 0x08002ac8   Section       24  main.o(.constdata__ZTVN14rosserial_msgs20RequestParamResponseE)
    .constdata__ZTVN14rosserial_msgs3LogE    0x08002ae0   Section       24  main.o(.constdata__ZTVN14rosserial_msgs3LogE)
    .constdata__ZTVN14rosserial_msgs9TopicInfoE 0x08002af8   Section       24  main.o(.constdata__ZTVN14rosserial_msgs9TopicInfoE)
    .constdata__ZTVN3ros10SubscriberIN8std_msgs6StringEEE 0x08002b10   Section       24  main.o(.constdata__ZTVN3ros10SubscriberIN8std_msgs6StringEEE)
    .constdata__ZTVN3ros11NodeHandle_I13Stm32HardwareLi25ELi25ELi512ELi512EEE 0x08002b28   Section       20  main.o(.constdata__ZTVN3ros11NodeHandle_I13Stm32HardwareLi25ELi25ELi512ELi512EEE)
    .constdata__ZTVN3ros11Subscriber_E       0x08002b3c   Section       24  main.o(.constdata__ZTVN3ros11Subscriber_E)
    .constdata__ZTVN3ros15NodeHandleBase_E   0x08002b54   Section       20  main.o(.constdata__ZTVN3ros15NodeHandleBase_E)
    .constdata__ZTVN3ros3MsgE                0x08002b68   Section       24  main.o(.constdata__ZTVN3ros3MsgE)
    .constdata__ZTVN8std_msgs4TimeE          0x08002b80   Section       24  main.o(.constdata__ZTVN8std_msgs4TimeE)
    .constdata__ZTVN8std_msgs6StringE        0x08002b98   Section       24  main.o(.constdata__ZTVN8std_msgs6StringE)
    .init_array                              0x08002bd0   Section        4  main.o(.init_array)
    .data                                    0x20000000   Section       12  main.o(.data)
    .data                                    0x2000000c   Section        4  system.o(.data)
    .data                                    0x20000010   Section        8  usart3.o(.data)
    .data                                    0x20000018   Section       20  system_stm32f4xx.o(.data)
    .data                                    0x2000002c   Section       16  stm32f4xx_rcc.o(.data)
    APBAHBPrescTable                         0x2000002c   Data          16  stm32f4xx_rcc.o(.data)
    .bss                                     0x2000003c   Section     1372  main.o(.bss)
    .bss                                     0x20000598   Section     1024  usart3.o(.bss)
    .bss                                     0x20000998   Section       96  libspace.o(.bss)
    HEAP                                     0x200009f8   Section      512  startup_stm32f4xx.o(HEAP)
    Heap_Mem                                 0x200009f8   Data         512  startup_stm32f4xx.o(HEAP)
    STACK                                    0x20000bf8   Section     1024  startup_stm32f4xx.o(STACK)
    Stack_Mem                                0x20000bf8   Data        1024  startup_stm32f4xx.o(STACK)
    __initial_sp                             0x20000ff8   Data           0  startup_stm32f4xx.o(STACK)

    Global Symbols

    Symbol Name                              Value     Ov Type        Size  Object(Section)

    BuildAttributes$$THM_ISAv4$E$P$D$K$B$S$7EM$VFPi3$EXTD16$VFPS$VFMA$PE$A:L22UL41UL21$X:L11$S22US41US21$IEEE1$IW$USESV6$~STKCKD$USESV7$~SHL$OTIME$ROPI$EBA8$UX$STANDARDLIB$REQ8$PRES8$EABIv2 0x00000000   Number         0  anon$$obj.o ABSOLUTE
    __ARM_use_no_argv                        0x00000000   Number         0  main.o ABSOLUTE
    __ARM_exceptions_init                     - Undefined Weak Reference
    __alloca_initialize                       - Undefined Weak Reference
    __cxa_finalize                            - Undefined Weak Reference
    __rt_locale                               - Undefined Weak Reference
    __sigvec_lookup                           - Undefined Weak Reference
    __user_heap_extent                        - Undefined Weak Reference
    _atexit_init                              - Undefined Weak Reference
    _call_atexit_fns                          - Undefined Weak Reference
    _clock_init                               - Undefined Weak Reference
    _fp_trap_init                             - Undefined Weak Reference
    _fp_trap_shutdown                         - Undefined Weak Reference
    _get_lc_collate                           - Undefined Weak Reference
    _get_lc_ctype                             - Undefined Weak Reference
    _get_lc_monetary                          - Undefined Weak Reference
    _get_lc_numeric                           - Undefined Weak Reference
    _get_lc_time                              - Undefined Weak Reference
    _getenv_init                              - Undefined Weak Reference
    _handle_redirection                       - Undefined Weak Reference
    _initio                                   - Undefined Weak Reference
    _mutex_acquire                            - Undefined Weak Reference
    _mutex_free                               - Undefined Weak Reference
    _mutex_release                            - Undefined Weak Reference
    _printf_post_padding                      - Undefined Weak Reference
    _printf_pre_padding                       - Undefined Weak Reference
    _printf_truncate_signed                   - Undefined Weak Reference
    _printf_truncate_unsigned                 - Undefined Weak Reference
    _rand_init                                - Undefined Weak Reference
    _signal_finish                            - Undefined Weak Reference
    _signal_init                              - Undefined Weak Reference
    _terminateio                              - Undefined Weak Reference
    __Vectors_Size                           0x00000188   Number         0  startup_stm32f4xx.o ABSOLUTE
    __Vectors                                0x08000000   Data           4  startup_stm32f4xx.o(RESET)
    __Vectors_End                            0x08000188   Data           0  startup_stm32f4xx.o(RESET)
    __main                                   0x08000189   Thumb Code     8  __main.o(!!!main)
    __scatterload                            0x08000191   Thumb Code     0  __scatter.o(!!!scatter)
    __scatterload_rt2                        0x08000191   Thumb Code    44  __scatter.o(!!!scatter)
    __scatterload_rt2_thumb_only             0x08000191   Thumb Code     0  __scatter.o(!!!scatter)
    __scatterload_null                       0x0800019f   Thumb Code     0  __scatter.o(!!!scatter)
    __scatterload_copy                       0x080001c5   Thumb Code    26  __scatter_copy.o(!!handler_copy)
    __scatterload_zeroinit                   0x080001e1   Thumb Code    28  __scatter_zi.o(!!handler_zi)
    _printf_d                                0x080001fd   Thumb Code     0  _printf_d.o(.ARM.Collect$$_printf_percent$$00000009)
    _printf_percent                          0x080001fd   Thumb Code     0  _printf_percent.o(.ARM.Collect$$_printf_percent$$00000000)
    _printf_percent_end                      0x08000203   Thumb Code     0  _printf_percent_end.o(.ARM.Collect$$_printf_percent$$00000017)
    __rt_lib_init                            0x08000207   Thumb Code     0  libinit.o(.ARM.Collect$$libinit$$00000000)
    __rt_lib_init_fp_1                       0x08000209   Thumb Code     0  libinit2.o(.ARM.Collect$$libinit$$00000001)
    __rt_lib_init_heap_2                     0x0800020d   Thumb Code     0  libinit2.o(.ARM.Collect$$libinit$$00000003)
    __rt_lib_init_alloca_1                   0x08000215   Thumb Code     0  libinit2.o(.ARM.Collect$$libinit$$0000002C)
    __rt_lib_init_argv_1                     0x08000215   Thumb Code     0  libinit2.o(.ARM.Collect$$libinit$$0000002A)
    __rt_lib_init_atexit_1                   0x08000215   Thumb Code     0  libinit2.o(.ARM.Collect$$libinit$$00000019)
    __rt_lib_init_clock_1                    0x08000215   Thumb Code     0  libinit2.o(.ARM.Collect$$libinit$$0000001F)
    __rt_lib_init_cpp_2                      0x08000215   Thumb Code     0  libinit2.o(.ARM.Collect$$libinit$$0000002F)
    __rt_lib_init_exceptions_1               0x08000215   Thumb Code     0  libinit2.o(.ARM.Collect$$libinit$$0000002E)
    __rt_lib_init_fp_trap_1                  0x08000215   Thumb Code     0  libinit2.o(.ARM.Collect$$libinit$$0000001D)
    __rt_lib_init_getenv_1                   0x08000215   Thumb Code     0  libinit2.o(.ARM.Collect$$libinit$$00000021)
    __rt_lib_init_heap_1                     0x08000215   Thumb Code     0  libinit2.o(.ARM.Collect$$libinit$$00000008)
    __rt_lib_init_lc_collate_1               0x08000215   Thumb Code     0  libinit2.o(.ARM.Collect$$libinit$$0000000F)
    __rt_lib_init_lc_ctype_1                 0x08000215   Thumb Code     0  libinit2.o(.ARM.Collect$$libinit$$00000011)
    __rt_lib_init_lc_monetary_1              0x08000215   Thumb Code     0  libinit2.o(.ARM.Collect$$libinit$$00000013)
    __rt_lib_init_lc_numeric_1               0x08000215   Thumb Code     0  libinit2.o(.ARM.Collect$$libinit$$00000015)
    __rt_lib_init_lc_time_1                  0x08000215   Thumb Code     0  libinit2.o(.ARM.Collect$$libinit$$00000017)
    __rt_lib_init_rand_1                     0x08000215   Thumb Code     0  libinit2.o(.ARM.Collect$$libinit$$0000000C)
    __rt_lib_init_signal_1                   0x08000215   Thumb Code     0  libinit2.o(.ARM.Collect$$libinit$$0000001B)
    __rt_lib_init_stdio_1                    0x08000215   Thumb Code     0  libinit2.o(.ARM.Collect$$libinit$$00000023)
    __rt_lib_init_user_alloc_1               0x08000215   Thumb Code     0  libinit2.o(.ARM.Collect$$libinit$$0000000A)
    __rt_lib_init_cpp_1                      0x08000219   Thumb Code     0  libinit2.o(.ARM.Collect$$libinit$$00000030)
    __rt_lib_init_return                     0x08000219   Thumb Code     0  libinit2.o(.ARM.Collect$$libinit$$00000031)
    __rt_lib_shutdown                        0x0800021b   Thumb Code     0  libshutdown.o(.ARM.Collect$$libshutdown$$00000000)
    __rt_lib_shutdown_fp_trap_1              0x0800021d   Thumb Code     0  libshutdown2.o(.ARM.Collect$$libshutdown$$00000006)
    __rt_lib_shutdown_heap_1                 0x0800021d   Thumb Code     0  libshutdown2.o(.ARM.Collect$$libshutdown$$0000000E)
    __rt_lib_shutdown_return                 0x0800021d   Thumb Code     0  libshutdown2.o(.ARM.Collect$$libshutdown$$0000000F)
    __rt_lib_shutdown_signal_1               0x0800021d   Thumb Code     0  libshutdown2.o(.ARM.Collect$$libshutdown$$00000009)
    __rt_lib_shutdown_stdio_1                0x0800021d   Thumb Code     0  libshutdown2.o(.ARM.Collect$$libshutdown$$00000003)
    __rt_lib_shutdown_user_alloc_1           0x0800021d   Thumb Code     0  libshutdown2.o(.ARM.Collect$$libshutdown$$0000000B)
    __rt_entry                               0x0800021f   Thumb Code     0  rtentry.o(.ARM.Collect$$rtentry$$00000000)
    __rt_entry_presh_1                       0x0800021f   Thumb Code     0  rtentry2.o(.ARM.Collect$$rtentry$$00000002)
    __rt_entry_sh                            0x0800021f   Thumb Code     0  rtentry4.o(.ARM.Collect$$rtentry$$00000004)
    __rt_entry_li                            0x08000225   Thumb Code     0  rtentry2.o(.ARM.Collect$$rtentry$$0000000A)
    __rt_entry_postsh_1                      0x08000225   Thumb Code     0  rtentry2.o(.ARM.Collect$$rtentry$$00000009)
    __rt_entry_main                          0x08000229   Thumb Code     0  rtentry2.o(.ARM.Collect$$rtentry$$0000000D)
    __rt_entry_postli_1                      0x08000229   Thumb Code     0  rtentry2.o(.ARM.Collect$$rtentry$$0000000C)
    __rt_exit                                0x08000231   Thumb Code     0  rtexit.o(.ARM.Collect$$rtexit$$00000000)
    __rt_exit_ls                             0x08000233   Thumb Code     0  rtexit2.o(.ARM.Collect$$rtexit$$00000003)
    __rt_exit_prels_1                        0x08000233   Thumb Code     0  rtexit2.o(.ARM.Collect$$rtexit$$00000002)
    __rt_exit_exit                           0x08000237   Thumb Code     0  rtexit2.o(.ARM.Collect$$rtexit$$00000004)
    Reset_Handler                            0x0800023d   Thumb Code     8  startup_stm32f4xx.o(.text)
    _maybe_terminate_alloc                   0x0800023d   Thumb Code     0  maybetermalloc1.o(.emb_text)
    ADC_IRQHandler                           0x08000257   Thumb Code     0  startup_stm32f4xx.o(.text)
    CAN1_RX0_IRQHandler                      0x08000257   Thumb Code     0  startup_stm32f4xx.o(.text)
    CAN1_RX1_IRQHandler                      0x08000257   Thumb Code     0  startup_stm32f4xx.o(.text)
    CAN1_SCE_IRQHandler                      0x08000257   Thumb Code     0  startup_stm32f4xx.o(.text)
    CAN1_TX_IRQHandler                       0x08000257   Thumb Code     0  startup_stm32f4xx.o(.text)
    CAN2_RX0_IRQHandler                      0x08000257   Thumb Code     0  startup_stm32f4xx.o(.text)
    CAN2_RX1_IRQHandler                      0x08000257   Thumb Code     0  startup_stm32f4xx.o(.text)
    CAN2_SCE_IRQHandler                      0x08000257   Thumb Code     0  startup_stm32f4xx.o(.text)
    CAN2_TX_IRQHandler                       0x08000257   Thumb Code     0  startup_stm32f4xx.o(.text)
    CRYP_IRQHandler                          0x08000257   Thumb Code     0  startup_stm32f4xx.o(.text)
    DCMI_IRQHandler                          0x08000257   Thumb Code     0  startup_stm32f4xx.o(.text)
    DMA1_Stream0_IRQHandler                  0x08000257   Thumb Code     0  startup_stm32f4xx.o(.text)
    DMA1_Stream1_IRQHandler                  0x08000257   Thumb Code     0  startup_stm32f4xx.o(.text)
    DMA1_Stream2_IRQHandler                  0x08000257   Thumb Code     0  startup_stm32f4xx.o(.text)
    DMA1_Stream3_IRQHandler                  0x08000257   Thumb Code     0  startup_stm32f4xx.o(.text)
    DMA1_Stream4_IRQHandler                  0x08000257   Thumb Code     0  startup_stm32f4xx.o(.text)
    DMA1_Stream5_IRQHandler                  0x08000257   Thumb Code     0  startup_stm32f4xx.o(.text)
    DMA1_Stream6_IRQHandler                  0x08000257   Thumb Code     0  startup_stm32f4xx.o(.text)
    DMA1_Stream7_IRQHandler                  0x08000257   Thumb Code     0  startup_stm32f4xx.o(.text)
    DMA2_Stream0_IRQHandler                  0x08000257   Thumb Code     0  startup_stm32f4xx.o(.text)
    DMA2_Stream1_IRQHandler                  0x08000257   Thumb Code     0  startup_stm32f4xx.o(.text)
    DMA2_Stream2_IRQHandler                  0x08000257   Thumb Code     0  startup_stm32f4xx.o(.text)
    DMA2_Stream3_IRQHandler                  0x08000257   Thumb Code     0  startup_stm32f4xx.o(.text)
    DMA2_Stream4_IRQHandler                  0x08000257   Thumb Code     0  startup_stm32f4xx.o(.text)
    DMA2_Stream5_IRQHandler                  0x08000257   Thumb Code     0  startup_stm32f4xx.o(.text)
    DMA2_Stream6_IRQHandler                  0x08000257   Thumb Code     0  startup_stm32f4xx.o(.text)
    DMA2_Stream7_IRQHandler                  0x08000257   Thumb Code     0  startup_stm32f4xx.o(.text)
    ETH_IRQHandler                           0x08000257   Thumb Code     0  startup_stm32f4xx.o(.text)
    ETH_WKUP_IRQHandler                      0x08000257   Thumb Code     0  startup_stm32f4xx.o(.text)
    EXTI0_IRQHandler                         0x08000257   Thumb Code     0  startup_stm32f4xx.o(.text)
    EXTI15_10_IRQHandler                     0x08000257   Thumb Code     0  startup_stm32f4xx.o(.text)
    EXTI1_IRQHandler                         0x08000257   Thumb Code     0  startup_stm32f4xx.o(.text)
    EXTI2_IRQHandler                         0x08000257   Thumb Code     0  startup_stm32f4xx.o(.text)
    EXTI3_IRQHandler                         0x08000257   Thumb Code     0  startup_stm32f4xx.o(.text)
    EXTI4_IRQHandler                         0x08000257   Thumb Code     0  startup_stm32f4xx.o(.text)
    EXTI9_5_IRQHandler                       0x08000257   Thumb Code     0  startup_stm32f4xx.o(.text)
    FLASH_IRQHandler                         0x08000257   Thumb Code     0  startup_stm32f4xx.o(.text)
    FPU_IRQHandler                           0x08000257   Thumb Code     0  startup_stm32f4xx.o(.text)
    FSMC_IRQHandler                          0x08000257   Thumb Code     0  startup_stm32f4xx.o(.text)
    HASH_RNG_IRQHandler                      0x08000257   Thumb Code     0  startup_stm32f4xx.o(.text)
    I2C1_ER_IRQHandler                       0x08000257   Thumb Code     0  startup_stm32f4xx.o(.text)
    I2C1_EV_IRQHandler                       0x08000257   Thumb Code     0  startup_stm32f4xx.o(.text)
    I2C2_ER_IRQHandler                       0x08000257   Thumb Code     0  startup_stm32f4xx.o(.text)
    I2C2_EV_IRQHandler                       0x08000257   Thumb Code     0  startup_stm32f4xx.o(.text)
    I2C3_ER_IRQHandler                       0x08000257   Thumb Code     0  startup_stm32f4xx.o(.text)
    I2C3_EV_IRQHandler                       0x08000257   Thumb Code     0  startup_stm32f4xx.o(.text)
    OTG_FS_IRQHandler                        0x08000257   Thumb Code     0  startup_stm32f4xx.o(.text)
    OTG_FS_WKUP_IRQHandler                   0x08000257   Thumb Code     0  startup_stm32f4xx.o(.text)
    OTG_HS_EP1_IN_IRQHandler                 0x08000257   Thumb Code     0  startup_stm32f4xx.o(.text)
    OTG_HS_EP1_OUT_IRQHandler                0x08000257   Thumb Code     0  startup_stm32f4xx.o(.text)
    OTG_HS_IRQHandler                        0x08000257   Thumb Code     0  startup_stm32f4xx.o(.text)
    OTG_HS_WKUP_IRQHandler                   0x08000257   Thumb Code     0  startup_stm32f4xx.o(.text)
    PVD_IRQHandler                           0x08000257   Thumb Code     0  startup_stm32f4xx.o(.text)
    RCC_IRQHandler                           0x08000257   Thumb Code     0  startup_stm32f4xx.o(.text)
    RTC_Alarm_IRQHandler                     0x08000257   Thumb Code     0  startup_stm32f4xx.o(.text)
    RTC_WKUP_IRQHandler                      0x08000257   Thumb Code     0  startup_stm32f4xx.o(.text)
    SDIO_IRQHandler                          0x08000257   Thumb Code     0  startup_stm32f4xx.o(.text)
    SPI1_IRQHandler                          0x08000257   Thumb Code     0  startup_stm32f4xx.o(.text)
    SPI2_IRQHandler                          0x08000257   Thumb Code     0  startup_stm32f4xx.o(.text)
    SPI3_IRQHandler                          0x08000257   Thumb Code     0  startup_stm32f4xx.o(.text)
    TAMP_STAMP_IRQHandler                    0x08000257   Thumb Code     0  startup_stm32f4xx.o(.text)
    TIM1_BRK_TIM9_IRQHandler                 0x08000257   Thumb Code     0  startup_stm32f4xx.o(.text)
    TIM1_CC_IRQHandler                       0x08000257   Thumb Code     0  startup_stm32f4xx.o(.text)
    TIM1_TRG_COM_TIM11_IRQHandler            0x08000257   Thumb Code     0  startup_stm32f4xx.o(.text)
    TIM1_UP_TIM10_IRQHandler                 0x08000257   Thumb Code     0  startup_stm32f4xx.o(.text)
    TIM2_IRQHandler                          0x08000257   Thumb Code     0  startup_stm32f4xx.o(.text)
    TIM3_IRQHandler                          0x08000257   Thumb Code     0  startup_stm32f4xx.o(.text)
    TIM4_IRQHandler                          0x08000257   Thumb Code     0  startup_stm32f4xx.o(.text)
    TIM5_IRQHandler                          0x08000257   Thumb Code     0  startup_stm32f4xx.o(.text)
    TIM6_DAC_IRQHandler                      0x08000257   Thumb Code     0  startup_stm32f4xx.o(.text)
    TIM7_IRQHandler                          0x08000257   Thumb Code     0  startup_stm32f4xx.o(.text)
    TIM8_BRK_TIM12_IRQHandler                0x08000257   Thumb Code     0  startup_stm32f4xx.o(.text)
    TIM8_CC_IRQHandler                       0x08000257   Thumb Code     0  startup_stm32f4xx.o(.text)
    TIM8_TRG_COM_TIM14_IRQHandler            0x08000257   Thumb Code     0  startup_stm32f4xx.o(.text)
    TIM8_UP_TIM13_IRQHandler                 0x08000257   Thumb Code     0  startup_stm32f4xx.o(.text)
    UART4_IRQHandler                         0x08000257   Thumb Code     0  startup_stm32f4xx.o(.text)
    UART5_IRQHandler                         0x08000257   Thumb Code     0  startup_stm32f4xx.o(.text)
    USART1_IRQHandler                        0x08000257   Thumb Code     0  startup_stm32f4xx.o(.text)
    USART2_IRQHandler                        0x08000257   Thumb Code     0  startup_stm32f4xx.o(.text)
    USART6_IRQHandler                        0x08000257   Thumb Code     0  startup_stm32f4xx.o(.text)
    WWDG_IRQHandler                          0x08000257   Thumb Code     0  startup_stm32f4xx.o(.text)
    __user_initial_stackheap                 0x08000259   Thumb Code     0  startup_stm32f4xx.o(.text)
    msgCallBack(const std_msgs::String&)     0x0800027d   Thumb Code    60  main.o(.text)
    main                                     0x080002b9   Thumb Code   174  main.o(.text)
    NMI_Handler                              0x080003fd   Thumb Code     2  stm32f4xx_it.o(.text)
    HardFault_Handler                        0x080003ff   Thumb Code     4  stm32f4xx_it.o(.text)
    MemManage_Handler                        0x08000403   Thumb Code     4  stm32f4xx_it.o(.text)
    BusFault_Handler                         0x08000407   Thumb Code     4  stm32f4xx_it.o(.text)
    UsageFault_Handler                       0x0800040b   Thumb Code     4  stm32f4xx_it.o(.text)
    SVC_Handler                              0x0800040f   Thumb Code     2  stm32f4xx_it.o(.text)
    DebugMon_Handler                         0x08000411   Thumb Code     2  stm32f4xx_it.o(.text)
    PendSV_Handler                           0x08000413   Thumb Code     2  stm32f4xx_it.o(.text)
    Systick_Init()                           0x08000415   Thumb Code    92  system.o(.text)
    delay_ms(unsigned short)                 0x08000471   Thumb Code    18  system.o(.text)
    NVIC_Configuration()                     0x08000483   Thumb Code    40  system.o(.text)
    System_Init()                            0x080004ab   Thumb Code    12  system.o(.text)
    SysTick_Handler                          0x080004b7   Thumb Code    12  system.o(.text)
    System_GetTime()                         0x080004c3   Thumb Code     6  system.o(.text)
    Bsp_Configuration()                      0x080004d9   Thumb Code     2  bsp.o(.text)
    Usart_Configuration(long)                0x0800058d   Thumb Code    16  usart3.o(.text)
    Usart_FreeSpace()                        0x0800059d   Thumb Code    38  usart3.o(.text)
    Usart_Putch(unsigned char)               0x080005c3   Thumb Code    98  usart3.o(.text)
    Usart_DataAvailable()                    0x08000625   Thumb Code    20  usart3.o(.text)
    Usart_Getch()                            0x08000639   Thumb Code    84  usart3.o(.text)
    USART3_IRQHandler                        0x0800068d   Thumb Code   160  usart3.o(.text)
    App_Init()                               0x0800074d   Thumb Code     2  app.o(.text)
    SystemInit                               0x0800082b   Thumb Code    88  system_stm32f4xx.o(.text)
    SystemCoreClockUpdate                    0x08000883   Thumb Code   174  system_stm32f4xx.o(.text)
    NVIC_PriorityGroupConfig                 0x0800095d   Thumb Code    10  misc.o(.text)
    NVIC_Init                                0x08000967   Thumb Code   108  misc.o(.text)
    NVIC_SetVectorTable                      0x080009d3   Thumb Code    14  misc.o(.text)
    NVIC_SystemLPConfig                      0x080009e1   Thumb Code    34  misc.o(.text)
    SysTick_CLKSourceConfig                  0x08000a03   Thumb Code    40  misc.o(.text)
    GPIO_DeInit                              0x08000a41   Thumb Code   220  stm32f4xx_gpio.o(.text)
    GPIO_Init                                0x08000b1d   Thumb Code   144  stm32f4xx_gpio.o(.text)
    GPIO_StructInit                          0x08000bad   Thumb Code    18  stm32f4xx_gpio.o(.text)
    GPIO_PinLockConfig                       0x08000bbf   Thumb Code    34  stm32f4xx_gpio.o(.text)
    GPIO_ReadInputDataBit                    0x08000be1   Thumb Code    18  stm32f4xx_gpio.o(.text)
    GPIO_ReadInputData                       0x08000bf3   Thumb Code     8  stm32f4xx_gpio.o(.text)
    GPIO_ReadOutputDataBit                   0x08000bfb   Thumb Code    18  stm32f4xx_gpio.o(.text)
    GPIO_ReadOutputData                      0x08000c0d   Thumb Code     8  stm32f4xx_gpio.o(.text)
    GPIO_SetBits                             0x08000c15   Thumb Code     4  stm32f4xx_gpio.o(.text)
    GPIO_ResetBits                           0x08000c19   Thumb Code     4  stm32f4xx_gpio.o(.text)
    GPIO_WriteBit                            0x08000c1d   Thumb Code    10  stm32f4xx_gpio.o(.text)
    GPIO_Write                               0x08000c27   Thumb Code     4  stm32f4xx_gpio.o(.text)
    GPIO_ToggleBits                          0x08000c2b   Thumb Code     8  stm32f4xx_gpio.o(.text)
    GPIO_PinAFConfig                         0x08000c33   Thumb Code    70  stm32f4xx_gpio.o(.text)
    RCC_DeInit                               0x08000c9d   Thumb Code    60  stm32f4xx_rcc.o(.text)
    RCC_HSEConfig                            0x08000cd9   Thumb Code    14  stm32f4xx_rcc.o(.text)
    RCC_GetFlagStatus                        0x08000ce7   Thumb Code    60  stm32f4xx_rcc.o(.text)
    RCC_WaitForHSEStartUp                    0x08000d23   Thumb Code    56  stm32f4xx_rcc.o(.text)
    RCC_AdjustHSICalibrationValue            0x08000d5b   Thumb Code    20  stm32f4xx_rcc.o(.text)
    RCC_HSICmd                               0x08000d6f   Thumb Code     6  stm32f4xx_rcc.o(.text)
    RCC_LSEConfig                            0x08000d75   Thumb Code    46  stm32f4xx_rcc.o(.text)
    RCC_LSICmd                               0x08000da3   Thumb Code     6  stm32f4xx_rcc.o(.text)
    RCC_PLLConfig                            0x08000da9   Thumb Code    32  stm32f4xx_rcc.o(.text)
    RCC_PLLCmd                               0x08000dc9   Thumb Code     6  stm32f4xx_rcc.o(.text)
    RCC_PLLI2SConfig                         0x08000dcf   Thumb Code    14  stm32f4xx_rcc.o(.text)
    RCC_PLLI2SCmd                            0x08000ddd   Thumb Code     6  stm32f4xx_rcc.o(.text)
    RCC_ClockSecuritySystemCmd               0x08000de3   Thumb Code     6  stm32f4xx_rcc.o(.text)
    RCC_MCO1Config                           0x08000de9   Thumb Code    28  stm32f4xx_rcc.o(.text)
    RCC_MCO2Config                           0x08000e05   Thumb Code    28  stm32f4xx_rcc.o(.text)
    RCC_SYSCLKConfig                         0x08000e21   Thumb Code    20  stm32f4xx_rcc.o(.text)
    RCC_GetSYSCLKSource                      0x08000e35   Thumb Code    12  stm32f4xx_rcc.o(.text)
    RCC_HCLKConfig                           0x08000e41   Thumb Code    20  stm32f4xx_rcc.o(.text)
    RCC_PCLK1Config                          0x08000e55   Thumb Code    20  stm32f4xx_rcc.o(.text)
    RCC_PCLK2Config                          0x08000e69   Thumb Code    22  stm32f4xx_rcc.o(.text)
    RCC_GetClocksFreq                        0x08000e7f   Thumb Code   222  stm32f4xx_rcc.o(.text)
    RCC_RTCCLKConfig                         0x08000f5d   Thumb Code    54  stm32f4xx_rcc.o(.text)
    RCC_RTCCLKCmd                            0x08000f93   Thumb Code     8  stm32f4xx_rcc.o(.text)
    RCC_BackupResetCmd                       0x08000f9b   Thumb Code     8  stm32f4xx_rcc.o(.text)
    RCC_I2SCLKConfig                         0x08000fa3   Thumb Code     6  stm32f4xx_rcc.o(.text)
    RCC_AHB1PeriphClockCmd                   0x08000fa9   Thumb Code    34  stm32f4xx_rcc.o(.text)
    RCC_AHB2PeriphClockCmd                   0x08000fcb   Thumb Code    34  stm32f4xx_rcc.o(.text)
    RCC_AHB3PeriphClockCmd                   0x08000fed   Thumb Code    34  stm32f4xx_rcc.o(.text)
    RCC_APB1PeriphClockCmd                   0x0800100f   Thumb Code    34  stm32f4xx_rcc.o(.text)
    RCC_APB2PeriphClockCmd                   0x08001031   Thumb Code    34  stm32f4xx_rcc.o(.text)
    RCC_AHB1PeriphResetCmd                   0x08001053   Thumb Code    34  stm32f4xx_rcc.o(.text)
    RCC_AHB2PeriphResetCmd                   0x08001075   Thumb Code    72  stm32f4xx_rcc.o(.text)
    RCC_AHB3PeriphResetCmd                   0x080010bd   Thumb Code    34  stm32f4xx_rcc.o(.text)
    RCC_APB1PeriphResetCmd                   0x080010df   Thumb Code    34  stm32f4xx_rcc.o(.text)
    RCC_APB2PeriphResetCmd                   0x08001101   Thumb Code    34  stm32f4xx_rcc.o(.text)
    RCC_AHB1PeriphClockLPModeCmd             0x08001123   Thumb Code    34  stm32f4xx_rcc.o(.text)
    RCC_AHB2PeriphClockLPModeCmd             0x08001145   Thumb Code    34  stm32f4xx_rcc.o(.text)
    RCC_AHB3PeriphClockLPModeCmd             0x08001167   Thumb Code    34  stm32f4xx_rcc.o(.text)
    RCC_APB1PeriphClockLPModeCmd             0x08001189   Thumb Code    34  stm32f4xx_rcc.o(.text)
    RCC_APB2PeriphClockLPModeCmd             0x080011ab   Thumb Code    34  stm32f4xx_rcc.o(.text)
    RCC_ITConfig                             0x080011cd   Thumb Code    34  stm32f4xx_rcc.o(.text)
    RCC_ClearFlag                            0x080011ef   Thumb Code    18  stm32f4xx_rcc.o(.text)
    RCC_GetITStatus                          0x08001201   Thumb Code    22  stm32f4xx_rcc.o(.text)
    RCC_ClearITPendingBit                    0x08001217   Thumb Code     8  stm32f4xx_rcc.o(.text)
    USART_DeInit                             0x08001225   Thumb Code   156  stm32f4xx_usart.o(.text)
    USART_Init                               0x080012c1   Thumb Code   204  stm32f4xx_usart.o(.text)
    USART_StructInit                         0x0800138d   Thumb Code    24  stm32f4xx_usart.o(.text)
    USART_ClockInit                          0x080013a5   Thumb Code    32  stm32f4xx_usart.o(.text)
    USART_ClockStructInit                    0x080013c5   Thumb Code    12  stm32f4xx_usart.o(.text)
    USART_Cmd                                0x080013d1   Thumb Code    24  stm32f4xx_usart.o(.text)
    USART_SetPrescaler                       0x080013e9   Thumb Code    16  stm32f4xx_usart.o(.text)
    USART_OverSampling8Cmd                   0x080013f9   Thumb Code    22  stm32f4xx_usart.o(.text)
    USART_OneBitMethodCmd                    0x0800140f   Thumb Code    24  stm32f4xx_usart.o(.text)
    USART_SendData                           0x08001427   Thumb Code     8  stm32f4xx_usart.o(.text)
    USART_ReceiveData                        0x0800142f   Thumb Code    10  stm32f4xx_usart.o(.text)
    USART_SetAddress                         0x08001439   Thumb Code    18  stm32f4xx_usart.o(.text)
    USART_ReceiverWakeUpCmd                  0x0800144b   Thumb Code    24  stm32f4xx_usart.o(.text)
    USART_WakeUpConfig                       0x08001463   Thumb Code    18  stm32f4xx_usart.o(.text)
    USART_LINBreakDetectLengthConfig         0x08001475   Thumb Code    18  stm32f4xx_usart.o(.text)
    USART_LINCmd                             0x08001487   Thumb Code    24  stm32f4xx_usart.o(.text)
    USART_SendBreak                          0x0800149f   Thumb Code    10  stm32f4xx_usart.o(.text)
    USART_HalfDuplexCmd                      0x080014a9   Thumb Code    24  stm32f4xx_usart.o(.text)
    USART_SetGuardTime                       0x080014c1   Thumb Code    16  stm32f4xx_usart.o(.text)
    USART_SmartCardCmd                       0x080014d1   Thumb Code    24  stm32f4xx_usart.o(.text)
    USART_SmartCardNACKCmd                   0x080014e9   Thumb Code    24  stm32f4xx_usart.o(.text)
    USART_IrDAConfig                         0x08001501   Thumb Code    18  stm32f4xx_usart.o(.text)
    USART_IrDACmd                            0x08001513   Thumb Code    24  stm32f4xx_usart.o(.text)
    USART_DMACmd                             0x0800152b   Thumb Code    18  stm32f4xx_usart.o(.text)
    USART_ITConfig                           0x0800153d   Thumb Code    74  stm32f4xx_usart.o(.text)
    USART_GetFlagStatus                      0x08001587   Thumb Code    26  stm32f4xx_usart.o(.text)
    USART_ClearFlag                          0x080015a1   Thumb Code    18  stm32f4xx_usart.o(.text)
    USART_GetITStatus                        0x080015b3   Thumb Code   110  stm32f4xx_usart.o(.text)
    USART_ClearITPendingBit                  0x08001621   Thumb Code    30  stm32f4xx_usart.o(.text)
    ros::normalizeSecNSec(unsigned long&, unsigned long&) 0x08001641   Thumb Code    30  time.o(.text)
    ros::Time::fromNSec(long)                0x0800165f   Thumb Code    38  time.o(.text)
    ros::Time::operator +=(const ros::Duration&) 0x08001685   Thumb Code    34  time.o(.text)
    ros::Time::operator -=(const ros::Duration&) 0x080016a7   Thumb Code    38  time.o(.text)
    realloc                                  0x080016d1   Thumb Code   184  h1_realloc.o(.text)
    __2sprintf                               0x08001789   Thumb Code    34  noretval__2sprintf.o(.text)
    __printf                                 0x080017b1   Thumb Code   104  __printf.o(.text)
    _printf_int_dec                          0x08001819   Thumb Code   102  _printf_dec.o(.text)
    strlen                                   0x08001891   Thumb Code    62  strlen.o(.text)
    __aeabi_memcpy                           0x080018cf   Thumb Code     0  rt_memcpy_v6.o(.text)
    __rt_memcpy                              0x080018cf   Thumb Code   138  rt_memcpy_v6.o(.text)
    _memcpy_lastbytes                        0x08001935   Thumb Code     0  rt_memcpy_v6.o(.text)
    __aeabi_memcpy4                          0x08001959   Thumb Code     0  rt_memcpy_w.o(.text)
    __aeabi_memcpy8                          0x08001959   Thumb Code     0  rt_memcpy_w.o(.text)
    __rt_memcpy_w                            0x08001959   Thumb Code   100  rt_memcpy_w.o(.text)
    _memcpy_lastbytes_aligned                0x080019a1   Thumb Code     0  rt_memcpy_w.o(.text)
    __use_two_region_memory                  0x080019bd   Thumb Code     2  heapauxi.o(.text)
    __rt_heap_escrow                         0x080019bf   Thumb Code     2  heapauxi.o(.text)
    __rt_heap_expand                         0x080019c1   Thumb Code     2  heapauxi.o(.text)
    __cpp_initialize__aeabi_                 0x080019c5   Thumb Code    26  init_aeabi.o(.text)
    __rt_heap_descriptor                     0x080019e9   Thumb Code     8  rt_heap_descriptor_intlibspace.o(.text)
    __use_no_heap                            0x080019f1   Thumb Code     2  hguard.o(.text)
    __heap$guard                             0x080019f3   Thumb Code     2  hguard.o(.text)
    _terminate_user_alloc                    0x080019f5   Thumb Code     2  init_alloc.o(.text)
    _init_user_alloc                         0x080019f7   Thumb Code     2  init_alloc.o(.text)
    __Heap_Full                              0x080019f9   Thumb Code    34  init_alloc.o(.text)
    __Heap_Broken                            0x08001a1b   Thumb Code     6  init_alloc.o(.text)
    _init_alloc                              0x08001a21   Thumb Code    94  init_alloc.o(.text)
    malloc                                   0x08001a7f   Thumb Code    94  h1_alloc.o(.text)
    free                                     0x08001add   Thumb Code    78  h1_free.o(.text)
    _printf_int_common                       0x08001b2b   Thumb Code   184  _printf_intcommon.o(.text)
    _printf_char_common                      0x08001bef   Thumb Code    32  _printf_char_common.o(.text)
    _sputc                                   0x08001c15   Thumb Code    10  _sputc.o(.text)
    __rt_SIGPVFN                             0x08001c1f   Thumb Code    14  defsig_pvfn_outer.o(.text)
    __user_libspace                          0x08001c2d   Thumb Code     8  libspace.o(.text)
    __user_perproc_libspace                  0x08001c2d   Thumb Code     0  libspace.o(.text)
    __user_perthread_libspace                0x08001c2d   Thumb Code     0  libspace.o(.text)
    __Heap_Initialize                        0x08001c35   Thumb Code    10  h1_init.o(.text)
    __Heap_DescSize                          0x08001c3f   Thumb Code     4  h1_init.o(.text)
    __Heap_ProvideMemory                     0x08001c43   Thumb Code    52  h1_extend.o(.text)
    __sig_exit                               0x08001c77   Thumb Code    10  defsig_exit.o(.text)
    __rt_SIGRTMEM                            0x08001c81   Thumb Code    14  defsig_rtmem_outer.o(.text)
    __rt_SIGPVFN_inner                       0x08001c91   Thumb Code    14  defsig_pvfn_inner.o(.text)
    _sys_exit                                0x08001cc1   Thumb Code     8  sys_exit.o(.text)
    __user_setup_stackheap                   0x08001ccd   Thumb Code    74  sys_stackheap_outer.o(.text)
    exit                                     0x08001d17   Thumb Code    12  exit.o(.text)
    __default_signal_display                 0x08001d23   Thumb Code    50  defsig_general.o(.text)
    __rt_SIGRTMEM_inner                      0x08001d55   Thumb Code    22  defsig_rtmem_inner.o(.text)
    _ttywrch                                 0x08001da5   Thumb Code    14  sys_wrch.o(.text)
    __I$use$semihosting                      0x08001db3   Thumb Code     0  use_no_semi.o(.text)
    __use_no_semihosting_swi                 0x08001db3   Thumb Code     2  use_no_semi.o(.text)
    Stm32Hardware::time()                    0x08001db5   Thumb Code    10  main.o(i._ZN13Stm32Hardware4timeEv)
    __semihosting_library_function           0x08001db5   Thumb Code     0  indicate_semi.o(.text)
    rosserial_msgs::RequestParamResponse::deserialize(unsigned char*) 0x08001dbf   Thumb Code   328  main.o(i._ZN14rosserial_msgs20RequestParamResponse11deserializeEPh)
    rosserial_msgs::RequestParamResponse::getMD5() 0x08001f09   Thumb Code     6  main.o(i._ZN14rosserial_msgs20RequestParamResponse6getMD5Ev)
    rosserial_msgs::RequestParamResponse::getType() 0x08001f35   Thumb Code     6  main.o(i._ZN14rosserial_msgs20RequestParamResponse7getTypeEv)
    rosserial_msgs::Log::getMD5()            0x08001f41   Thumb Code     6  main.o(i._ZN14rosserial_msgs3Log6getMD5Ev)
    rosserial_msgs::Log::getType()           0x08001f6d   Thumb Code     6  main.o(i._ZN14rosserial_msgs3Log7getTypeEv)
    rosserial_msgs::TopicInfo::getMD5()      0x08001f89   Thumb Code     6  main.o(i._ZN14rosserial_msgs9TopicInfo6getMD5Ev)
    rosserial_msgs::TopicInfo::getType()     0x08001fb5   Thumb Code     6  main.o(i._ZN14rosserial_msgs9TopicInfo7getTypeEv)
    ros::Msg::Msg__sub_object()              0x08001fd9   Thumb Code     6  main.o(i._ZN3ros3MsgC2Ev)
    std_msgs::Time::deserialize(unsigned char*) 0x08001fe5   Thumb Code    92  main.o(i._ZN8std_msgs4Time11deserializeEPh)
    std_msgs::Time::getMD5()                 0x08002041   Thumb Code     6  main.o(i._ZN8std_msgs4Time6getMD5Ev)
    std_msgs::Time::getType()                0x0800206d   Thumb Code     6  main.o(i._ZN8std_msgs4Time7getTypeEv)
    std_msgs::Time::Time()                   0x08002085   Thumb Code    32  main.o(i._ZN8std_msgs4TimeC1Ev)
    std_msgs::Time::Time__sub_object()       0x08002085   Thumb Code     0  main.o(i._ZN8std_msgs4TimeC1Ev)
    std_msgs::String::deserialize(unsigned char*) 0x080020a9   Thumb Code    48  main.o(i._ZN8std_msgs6String11deserializeEPh)
    std_msgs::String::getMD5()               0x080020d9   Thumb Code     6  main.o(i._ZN8std_msgs6String6getMD5Ev)
    std_msgs::String::getType()              0x080020e5   Thumb Code     6  main.o(i._ZN8std_msgs6String7getTypeEv)
    std_msgs::String::String()               0x080020f1   Thumb Code    20  main.o(i._ZN8std_msgs6StringC1Ev)
    std_msgs::String::String__sub_object()   0x080020f1   Thumb Code     0  main.o(i._ZN8std_msgs6StringC1Ev)
    rosserial_msgs::RequestParamResponse::serialize(unsigned char*) const 0x08002109   Thumb Code   260  main.o(i._ZNK14rosserial_msgs20RequestParamResponse9serializeEPh)
    rosserial_msgs::Log::serialize(unsigned char*) const 0x0800220d   Thumb Code    48  main.o(i._ZNK14rosserial_msgs3Log9serializeEPh)
    rosserial_msgs::TopicInfo::serialize(unsigned char*) const 0x0800223d   Thumb Code   146  main.o(i._ZNK14rosserial_msgs9TopicInfo9serializeEPh)
    std_msgs::Time::serialize(unsigned char*) const 0x080022cf   Thumb Code    68  main.o(i._ZNK8std_msgs4Time9serializeEPh)
    std_msgs::String::serialize(unsigned char*) const 0x08002313   Thumb Code    42  main.o(i._ZNK8std_msgs6String9serializeEPh)
    __cxa_pure_virtual                       0x0800233d   Thumb Code     6  pure_virt.o(i.__cxa_pure_virtual)
    ros::Subscriber<std_msgs::String>::getMsgType() 0x08002343   Thumb Code    14  main.o(t._ZN3ros10SubscriberIN8std_msgs6StringEE10getMsgTypeEv)
    ros::Subscriber<std_msgs::String>::getEndpointType() 0x08002351   Thumb Code     6  main.o(t._ZN3ros10SubscriberIN8std_msgs6StringEE15getEndpointTypeEv)
    ros::Subscriber<std_msgs::String>::callback(unsigned char*) 0x08002357   Thumb Code    26  main.o(t._ZN3ros10SubscriberIN8std_msgs6StringEE8callbackEPh)
    ros::Subscriber<std_msgs::String>::getMsgMD5() 0x08002371   Thumb Code    14  main.o(t._ZN3ros10SubscriberIN8std_msgs6StringEE9getMsgMD5Ev)
    ros::NodeHandle_<Stm32Hardware, (int)25, (int)25, (int)512, (int)512>::negotiateTopics() 0x08002381   Thumb Code   290  main.o(t._ZN3ros11NodeHandle_I13Stm32HardwareLi25ELi25ELi512ELi512EE15negotiateTopicsEv)
    ros::NodeHandle_<Stm32Hardware, (int)25, (int)25, (int)512, (int)512>::requestSyncTime() 0x080024a9   Thumb Code    32  main.o(t._ZN3ros11NodeHandle_I13Stm32HardwareLi25ELi25ELi512ELi512EE15requestSyncTimeEv)
    ros::NodeHandle_<Stm32Hardware, (int)25, (int)25, (int)512, (int)512>::publish(int, const ros::Msg*) 0x080024c9   Thumb Code   272  main.o(t._ZN3ros11NodeHandle_I13Stm32HardwareLi25ELi25ELi512ELi512EE7publishEiPKNS_3MsgE)
    ros::NodeHandle_<Stm32Hardware, (int)25, (int)25, (int)512, (int)512>::spinOnce() 0x08002619   Thumb Code   772  main.o(t._ZN3ros11NodeHandle_I13Stm32HardwareLi25ELi25ELi512ELi512EE8spinOnceEv)
    ros::NodeHandle_<Stm32Hardware, (int)25, (int)25, (int)512, (int)512>::syncTime(unsigned char*) 0x0800291d   Thumb Code   156  main.o(t._ZN3ros11NodeHandle_I13Stm32HardwareLi25ELi25ELi512ELi512EE8syncTimeEPh)
    ros::NodeHandle_<Stm32Hardware, (int)25, (int)25, (int)512, (int)512>::NodeHandle_() 0x080029bd   Thumb Code   164  main.o(t._ZN3ros11NodeHandle_I13Stm32HardwareLi25ELi25ELi512ELi512EEC1Ev)
    ros::NodeHandle_<Stm32Hardware, (int)25, (int)25, (int)512, (int)512>::NodeHandle___sub_object() 0x080029bd   Thumb Code     0  main.o(t._ZN3ros11NodeHandle_I13Stm32HardwareLi25ELi25ELi512ELi512EEC1Ev)
    _fp_init                                 0x08002a6d   Thumb Code    10  fpinit.o(x$fpl$fpinit)
    __fplib_config_fpu_vfp                   0x08002a75   Thumb Code     0  fpinit.o(x$fpl$fpinit)
    __fplib_config_pureend_doubles           0x08002a75   Thumb Code     0  fpinit.o(x$fpl$fpinit)
    vtable for rosserial_msgs::RequestParamResponse 0x08002ac8   Data          24  main.o(.constdata__ZTVN14rosserial_msgs20RequestParamResponseE)
    vtable for rosserial_msgs::Log           0x08002ae0   Data          24  main.o(.constdata__ZTVN14rosserial_msgs3LogE)
    vtable for rosserial_msgs::TopicInfo     0x08002af8   Data          24  main.o(.constdata__ZTVN14rosserial_msgs9TopicInfoE)
    vtable for ros::Subscriber<std_msgs::String> 0x08002b10   Data          24  main.o(.constdata__ZTVN3ros10SubscriberIN8std_msgs6StringEEE)
    vtable for ros::NodeHandle_<Stm32Hardware, (int)25, (int)25, (int)512, (int)512> 0x08002b28   Data          20  main.o(.constdata__ZTVN3ros11NodeHandle_I13Stm32HardwareLi25ELi25ELi512ELi512EEE)
    vtable for ros::Subscriber_              0x08002b3c   Data          24  main.o(.constdata__ZTVN3ros11Subscriber_E)
    vtable for ros::NodeHandleBase_          0x08002b54   Data          20  main.o(.constdata__ZTVN3ros15NodeHandleBase_E)
    vtable for ros::Msg                      0x08002b68   Data          24  main.o(.constdata__ZTVN3ros3MsgE)
    vtable for std_msgs::Time                0x08002b80   Data          24  main.o(.constdata__ZTVN8std_msgs4TimeE)
    vtable for std_msgs::String              0x08002b98   Data          24  main.o(.constdata__ZTVN8std_msgs6StringE)
    Region$$Table$$Base                      0x08002bb0   Number         0  anon$$obj.o(Region$$Table)
    Region$$Table$$Limit                     0x08002bd0   Number         0  anon$$obj.o(Region$$Table)
    SHT$$INIT_ARRAY$$Base                    0x08002bd0   Number         0  main.o(.init_array)
    SHT$$INIT_ARRAY$$Limit                   0x08002bd4   Number         0  main.o(.init_array)
    i                                        0x20000000   Data           4  main.o(.data)
    msg1                                     0x20000004   Data           8  main.o(.data)
    runtime                                  0x2000000c   Data           4  system.o(.data)
    RX_Head                                  0x20000010   Data           2  usart3.o(.data)
    RX_Tail                                  0x20000012   Data           2  usart3.o(.data)
    TX_Head                                  0x20000014   Data           2  usart3.o(.data)
    TX_Tail                                  0x20000016   Data           2  usart3.o(.data)
    SystemCoreClock                          0x20000018   Data           4  system_stm32f4xx.o(.data)
    AHBPrescTable                            0x2000001c   Data          16  system_stm32f4xx.o(.data)
    nh                                       0x2000003c   Data        1324  main.o(.bss)
    sub                                      0x20000568   Data          28  main.o(.bss)
    pub                                      0x20000584   Data          20  main.o(.bss)
    RX                                       0x20000598   Data         512  usart3.o(.bss)
    TX                                       0x20000798   Data         512  usart3.o(.bss)
    __libspace_start                         0x20000998   Data          96  libspace.o(.bss)
    __temporary_stack_top$libspace           0x200009f8   Data           0  libspace.o(.bss)



==============================================================================

Memory Map of the image

  Image Entry point : 0x08000189

  Load Region LR_IROM1 (Base: 0x08000000, Size: 0x00002c10, Max: 0x00100000, ABSOLUTE)

    Execution Region ER_IROM1 (Base: 0x08000000, Size: 0x00002bd4, Max: 0x00100000, ABSOLUTE)

    Base Addr    Size         Type   Attr      Idx    E Section Name        Object

    0x08000000   0x00000188   Data   RO            3    RESET               startup_stm32f4xx.o
    0x08000188   0x00000008   Code   RO         1379  * !!!main             c_w.l(__main.o)
    0x08000190   0x00000034   Code   RO         1738    !!!scatter          c_w.l(__scatter.o)
    0x080001c4   0x0000001a   Code   RO         1740    !!handler_copy      c_w.l(__scatter_copy.o)
    0x080001de   0x00000002   PAD
    0x080001e0   0x0000001c   Code   RO         1742    !!handler_zi        c_w.l(__scatter_zi.o)
    0x080001fc   0x00000000   Code   RO         1370    .ARM.Collect$$_printf_percent$$00000000  c_w.l(_printf_percent.o)
    0x080001fc   0x00000006   Code   RO         1369    .ARM.Collect$$_printf_percent$$00000009  c_w.l(_printf_d.o)
    0x08000202   0x00000004   Code   RO         1544    .ARM.Collect$$_printf_percent$$00000017  c_w.l(_printf_percent_end.o)
    0x08000206   0x00000002   Code   RO         1683    .ARM.Collect$$libinit$$00000000  c_w.l(libinit.o)
    0x08000208   0x00000004   Code   RO         1549    .ARM.Collect$$libinit$$00000001  c_w.l(libinit2.o)
    0x0800020c   0x00000008   Code   RO         1551    .ARM.Collect$$libinit$$00000003  c_w.l(libinit2.o)
    0x08000214   0x00000000   Code   RO         1553    .ARM.Collect$$libinit$$00000008  c_w.l(libinit2.o)
    0x08000214   0x00000000   Code   RO         1555    .ARM.Collect$$libinit$$0000000A  c_w.l(libinit2.o)
    0x08000214   0x00000000   Code   RO         1557    .ARM.Collect$$libinit$$0000000C  c_w.l(libinit2.o)
    0x08000214   0x00000000   Code   RO         1560    .ARM.Collect$$libinit$$0000000F  c_w.l(libinit2.o)
    0x08000214   0x00000000   Code   RO         1562    .ARM.Collect$$libinit$$00000011  c_w.l(libinit2.o)
    0x08000214   0x00000000   Code   RO         1564    .ARM.Collect$$libinit$$00000013  c_w.l(libinit2.o)
    0x08000214   0x00000000   Code   RO         1566    .ARM.Collect$$libinit$$00000015  c_w.l(libinit2.o)
    0x08000214   0x00000000   Code   RO         1568    .ARM.Collect$$libinit$$00000017  c_w.l(libinit2.o)
    0x08000214   0x00000000   Code   RO         1570    .ARM.Collect$$libinit$$00000019  c_w.l(libinit2.o)
    0x08000214   0x00000000   Code   RO         1572    .ARM.Collect$$libinit$$0000001B  c_w.l(libinit2.o)
    0x08000214   0x00000000   Code   RO         1574    .ARM.Collect$$libinit$$0000001D  c_w.l(libinit2.o)
    0x08000214   0x00000000   Code   RO         1576    .ARM.Collect$$libinit$$0000001F  c_w.l(libinit2.o)
    0x08000214   0x00000000   Code   RO         1578    .ARM.Collect$$libinit$$00000021  c_w.l(libinit2.o)
    0x08000214   0x00000000   Code   RO         1580    .ARM.Collect$$libinit$$00000023  c_w.l(libinit2.o)
    0x08000214   0x00000000   Code   RO         1584    .ARM.Collect$$libinit$$0000002A  c_w.l(libinit2.o)
    0x08000214   0x00000000   Code   RO         1586    .ARM.Collect$$libinit$$0000002C  c_w.l(libinit2.o)
    0x08000214   0x00000000   Code   RO         1588    .ARM.Collect$$libinit$$0000002E  c_w.l(libinit2.o)
    0x08000214   0x00000004   Code   RO         1589    .ARM.Collect$$libinit$$0000002F  c_w.l(libinit2.o)
    0x08000218   0x00000000   Code   RO         1590    .ARM.Collect$$libinit$$00000030  c_w.l(libinit2.o)
    0x08000218   0x00000002   Code   RO         1591    .ARM.Collect$$libinit$$00000031  c_w.l(libinit2.o)
    0x0800021a   0x00000002   Code   RO         1735    .ARM.Collect$$libshutdown$$00000000  c_w.l(libshutdown.o)
    0x0800021c   0x00000000   Code   RO         1699    .ARM.Collect$$libshutdown$$00000003  c_w.l(libshutdown2.o)
    0x0800021c   0x00000000   Code   RO         1702    .ARM.Collect$$libshutdown$$00000006  c_w.l(libshutdown2.o)
    0x0800021c   0x00000000   Code   RO         1705    .ARM.Collect$$libshutdown$$00000009  c_w.l(libshutdown2.o)
    0x0800021c   0x00000000   Code   RO         1707    .ARM.Collect$$libshutdown$$0000000B  c_w.l(libshutdown2.o)
    0x0800021c   0x00000000   Code   RO         1710    .ARM.Collect$$libshutdown$$0000000E  c_w.l(libshutdown2.o)
    0x0800021c   0x00000002   Code   RO         1711    .ARM.Collect$$libshutdown$$0000000F  c_w.l(libshutdown2.o)
    0x0800021e   0x00000000   Code   RO         1504    .ARM.Collect$$rtentry$$00000000  c_w.l(rtentry.o)
    0x0800021e   0x00000000   Code   RO         1611    .ARM.Collect$$rtentry$$00000002  c_w.l(rtentry2.o)
    0x0800021e   0x00000006   Code   RO         1623    .ARM.Collect$$rtentry$$00000004  c_w.l(rtentry4.o)
    0x08000224   0x00000000   Code   RO         1613    .ARM.Collect$$rtentry$$00000009  c_w.l(rtentry2.o)
    0x08000224   0x00000004   Code   RO         1614    .ARM.Collect$$rtentry$$0000000A  c_w.l(rtentry2.o)
    0x08000228   0x00000000   Code   RO         1616    .ARM.Collect$$rtentry$$0000000C  c_w.l(rtentry2.o)
    0x08000228   0x00000008   Code   RO         1617    .ARM.Collect$$rtentry$$0000000D  c_w.l(rtentry2.o)
    0x08000230   0x00000002   Code   RO         1689    .ARM.Collect$$rtexit$$00000000  c_w.l(rtexit.o)
    0x08000232   0x00000000   Code   RO         1713    .ARM.Collect$$rtexit$$00000002  c_w.l(rtexit2.o)
    0x08000232   0x00000004   Code   RO         1714    .ARM.Collect$$rtexit$$00000003  c_w.l(rtexit2.o)
    0x08000236   0x00000006   Code   RO         1715    .ARM.Collect$$rtexit$$00000004  c_w.l(rtexit2.o)
    0x0800023c   0x00000000   Code   RO         1627    .emb_text           c_w.l(maybetermalloc1.o)
    0x0800023c   0x00000040   Code   RO            4    .text               startup_stm32f4xx.o
    0x0800027c   0x00000180   Code   RO           11    .text               main.o
    0x080003fc   0x00000018   Code   RO          459    .text               stm32f4xx_it.o
    0x08000414   0x000000c4   Code   RO          479    .text               system.o
    0x080004d8   0x00000002   Code   RO          506    .text               bsp.o
    0x080004da   0x00000002   PAD
    0x080004dc   0x00000270   Code   RO          565    .text               usart3.o
    0x0800074c   0x00000002   Code   RO          586    .text               app.o
    0x0800074e   0x00000002   PAD
    0x08000750   0x0000020c   Code   RO          603    .text               system_stm32f4xx.o
    0x0800095c   0x000000e4   Code   RO          648    .text               misc.o
    0x08000a40   0x0000025c   Code   RO          918    .text               stm32f4xx_gpio.o
    0x08000c9c   0x00000588   Code   RO         1049    .text               stm32f4xx_rcc.o
    0x08001224   0x0000041a   Code   RO         1182    .text               stm32f4xx_usart.o
    0x0800163e   0x00000002   PAD
    0x08001640   0x00000090   Code   RO         1233    .text               time.o
    0x080016d0   0x000000b8   Code   RO         1287    .text               c_w.l(h1_realloc.o)
    0x08001788   0x00000028   Code   RO         1343    .text               c_w.l(noretval__2sprintf.o)
    0x080017b0   0x00000068   Code   RO         1345    .text               c_w.l(__printf.o)
    0x08001818   0x00000078   Code   RO         1347    .text               c_w.l(_printf_dec.o)
    0x08001890   0x0000003e   Code   RO         1371    .text               c_w.l(strlen.o)
    0x080018ce   0x0000008a   Code   RO         1373    .text               c_w.l(rt_memcpy_v6.o)
    0x08001958   0x00000064   Code   RO         1375    .text               c_w.l(rt_memcpy_w.o)
    0x080019bc   0x00000006   Code   RO         1377    .text               c_w.l(heapauxi.o)
    0x080019c2   0x00000002   PAD
    0x080019c4   0x00000024   Code   RO         1384    .text               c_w.l(init_aeabi.o)
    0x080019e8   0x00000008   Code   RO         1508    .text               c_w.l(rt_heap_descriptor_intlibspace.o)
    0x080019f0   0x00000004   Code   RO         1510    .text               c_w.l(hguard.o)
    0x080019f4   0x0000008a   Code   RO         1512    .text               c_w.l(init_alloc.o)
    0x08001a7e   0x0000005e   Code   RO         1520    .text               c_w.l(h1_alloc.o)
    0x08001adc   0x0000004e   Code   RO         1522    .text               c_w.l(h1_free.o)
    0x08001b2a   0x000000b8   Code   RO         1538    .text               c_w.l(_printf_intcommon.o)
    0x08001be2   0x00000002   PAD
    0x08001be4   0x00000030   Code   RO         1540    .text               c_w.l(_printf_char_common.o)
    0x08001c14   0x0000000a   Code   RO         1542    .text               c_w.l(_sputc.o)
    0x08001c1e   0x0000000e   Code   RO         1545    .text               c_w.l(defsig_pvfn_outer.o)
    0x08001c2c   0x00000008   Code   RO         1607    .text               c_w.l(libspace.o)
    0x08001c34   0x0000000e   Code   RO         1629    .text               c_w.l(h1_init.o)
    0x08001c42   0x00000034   Code   RO         1631    .text               c_w.l(h1_extend.o)
    0x08001c76   0x0000000a   Code   RO         1639    .text               c_w.l(defsig_exit.o)
    0x08001c80   0x0000000e   Code   RO         1641    .text               c_w.l(defsig_rtmem_outer.o)
    0x08001c8e   0x00000002   PAD
    0x08001c90   0x00000030   Code   RO         1645    .text               c_w.l(defsig_pvfn_inner.o)
    0x08001cc0   0x0000000c   Code   RO         1658    .text               c_w.l(sys_exit.o)
    0x08001ccc   0x0000004a   Code   RO         1660    .text               c_w.l(sys_stackheap_outer.o)
    0x08001d16   0x0000000c   Code   RO         1666    .text               c_w.l(exit.o)
    0x08001d22   0x00000032   Code   RO         1670    .text               c_w.l(defsig_general.o)
    0x08001d54   0x00000050   Code   RO         1672    .text               c_w.l(defsig_rtmem_inner.o)
    0x08001da4   0x0000000e   Code   RO         1684    .text               c_w.l(sys_wrch.o)
    0x08001db2   0x00000002   Code   RO         1686    .text               c_w.l(use_no_semi.o)
    0x08001db4   0x00000000   Code   RO         1688    .text               c_w.l(indicate_semi.o)
    0x08001db4   0x0000000a   Code   RO           79    i._ZN13Stm32Hardware4timeEv  main.o
    0x08001dbe   0x00000148   Code   RO           41    i._ZN14rosserial_msgs20RequestParamResponse11deserializeEPh  main.o
    0x08001f06   0x00000002   PAD
    0x08001f08   0x0000002c   Code   RO          242    i._ZN14rosserial_msgs20RequestParamResponse6getMD5Ev  main.o
    0x08001f34   0x0000000c   Code   RO          236    i._ZN14rosserial_msgs20RequestParamResponse7getTypeEv  main.o
    0x08001f40   0x0000002c   Code   RO          270    i._ZN14rosserial_msgs3Log6getMD5Ev  main.o
    0x08001f6c   0x0000001c   Code   RO          264    i._ZN14rosserial_msgs3Log7getTypeEv  main.o
    0x08001f88   0x0000002c   Code   RO          224    i._ZN14rosserial_msgs9TopicInfo6getMD5Ev  main.o
    0x08001fb4   0x00000024   Code   RO          218    i._ZN14rosserial_msgs9TopicInfo7getTypeEv  main.o
    0x08001fd8   0x0000000c   Code   RO           85    i._ZN3ros3MsgC2Ev   main.o
    0x08001fe4   0x0000005c   Code   RO           47    i._ZN8std_msgs4Time11deserializeEPh  main.o
    0x08002040   0x0000002c   Code   RO          194    i._ZN8std_msgs4Time6getMD5Ev  main.o
    0x0800206c   0x00000018   Code   RO          188    i._ZN8std_msgs4Time7getTypeEv  main.o
    0x08002084   0x00000024   Code   RO           31    i._ZN8std_msgs4TimeC1Ev  main.o
    0x080020a8   0x00000030   Code   RO           73    i._ZN8std_msgs6String11deserializeEPh  main.o
    0x080020d8   0x0000000c   Code   RO          164    i._ZN8std_msgs6String6getMD5Ev  main.o
    0x080020e4   0x0000000c   Code   RO          152    i._ZN8std_msgs6String7getTypeEv  main.o
    0x080020f0   0x00000018   Code   RO           94    i._ZN8std_msgs6StringC1Ev  main.o
    0x08002108   0x00000104   Code   RO          230    i._ZNK14rosserial_msgs20RequestParamResponse9serializeEPh  main.o
    0x0800220c   0x00000030   Code   RO          252    i._ZNK14rosserial_msgs3Log9serializeEPh  main.o
    0x0800223c   0x00000092   Code   RO          206    i._ZNK14rosserial_msgs9TopicInfo9serializeEPh  main.o
    0x080022ce   0x00000044   Code   RO          182    i._ZNK8std_msgs4Time9serializeEPh  main.o
    0x08002312   0x0000002a   Code   RO          200    i._ZNK8std_msgs6String9serializeEPh  main.o
    0x0800233c   0x00000006   Code   RO         1387    i.__cxa_pure_virtual  cpprt_w.l(pure_virt.o)
    0x08002342   0x0000000e   Code   RO          158    t._ZN3ros10SubscriberIN8std_msgs6StringEE10getMsgTypeEv  main.o
    0x08002350   0x00000006   Code   RO          176    t._ZN3ros10SubscriberIN8std_msgs6StringEE15getEndpointTypeEv  main.o
    0x08002356   0x0000001a   Code   RO          146    t._ZN3ros10SubscriberIN8std_msgs6StringEE8callbackEPh  main.o
    0x08002370   0x0000000e   Code   RO          170    t._ZN3ros10SubscriberIN8std_msgs6StringEE9getMsgMD5Ev  main.o
    0x0800237e   0x00000002   PAD
    0x08002380   0x00000128   Code   RO           53    t._ZN3ros11NodeHandle_I13Stm32HardwareLi25ELi25ELi512ELi512EE15negotiateTopicsEv  main.o
    0x080024a8   0x00000020   Code   RO           34    t._ZN3ros11NodeHandle_I13Stm32HardwareLi25ELi25ELi512ELi512EE15requestSyncTimeEv  main.o
    0x080024c8   0x00000150   Code   RO          139    t._ZN3ros11NodeHandle_I13Stm32HardwareLi25ELi25ELi512ELi512EE7publishEiPKNS_3MsgE  main.o
    0x08002618   0x00000304   Code   RO           60    t._ZN3ros11NodeHandle_I13Stm32HardwareLi25ELi25ELi512ELi512EE8spinOnceEv  main.o
    0x0800291c   0x000000a0   Code   RO           88    t._ZN3ros11NodeHandle_I13Stm32HardwareLi25ELi25ELi512ELi512EE8syncTimeEPh  main.o
    0x080029bc   0x000000b0   Code   RO           67    t._ZN3ros11NodeHandle_I13Stm32HardwareLi25ELi25ELi512ELi512EEC1Ev  main.o
    0x08002a6c   0x0000000a   Code   RO         1654    x$fpl$fpinit        fz_wm.l(fpinit.o)
    0x08002a76   0x00000002   PAD
    0x08002a78   0x0000004d   Data   RO           14    .constdata          main.o
    0x08002ac5   0x00000003   PAD
    0x08002ac8   0x00000018   Data   RO          104    .constdata__ZTVN14rosserial_msgs20RequestParamResponseE  main.o
    0x08002ae0   0x00000018   Data   RO          249    .constdata__ZTVN14rosserial_msgs3LogE  main.o
    0x08002af8   0x00000018   Data   RO          102    .constdata__ZTVN14rosserial_msgs9TopicInfoE  main.o
    0x08002b10   0x00000018   Data   RO          114    .constdata__ZTVN3ros10SubscriberIN8std_msgs6StringEEE  main.o
    0x08002b28   0x00000014   Data   RO          112    .constdata__ZTVN3ros11NodeHandle_I13Stm32HardwareLi25ELi25ELi512ELi512EEE  main.o
    0x08002b3c   0x00000018   Data   RO          108    .constdata__ZTVN3ros11Subscriber_E  main.o
    0x08002b54   0x00000014   Data   RO          106    .constdata__ZTVN3ros15NodeHandleBase_E  main.o
    0x08002b68   0x00000018   Data   RO           98    .constdata__ZTVN3ros3MsgE  main.o
    0x08002b80   0x00000018   Data   RO          100    .constdata__ZTVN8std_msgs4TimeE  main.o
    0x08002b98   0x00000018   Data   RO          110    .constdata__ZTVN8std_msgs6StringE  main.o
    0x08002bb0   0x00000020   Data   RO         1736    Region$$Table       anon$$obj.o
    0x08002bd0   0x00000004   Data   RO           16    .init_array         main.o


    Execution Region RW_IRAM1 (Base: 0x20000000, Size: 0x00000ff8, Max: 0x00020000, ABSOLUTE)

    Base Addr    Size         Type   Attr      Idx    E Section Name        Object

    0x20000000   0x0000000c   Data   RW           15    .data               main.o
    0x2000000c   0x00000004   Data   RW          481    .data               system.o
    0x20000010   0x00000008   Data   RW          568    .data               usart3.o
    0x20000018   0x00000014   Data   RW          605    .data               system_stm32f4xx.o
    0x2000002c   0x00000010   Data   RW         1051    .data               stm32f4xx_rcc.o
    0x2000003c   0x0000055c   Zero   RW           13    .bss                main.o
    0x20000598   0x00000400   Zero   RW          567    .bss                usart3.o
    0x20000998   0x00000060   Zero   RW         1608    .bss                c_w.l(libspace.o)
    0x200009f8   0x00000200   Zero   RW            2    HEAP                startup_stm32f4xx.o
    0x20000bf8   0x00000400   Zero   RW            1    STACK               startup_stm32f4xx.o


==============================================================================

Image component sizes


      Code (inc. data)   RO Data    RW Data    ZI Data      Debug   Object Name

         2          0          0          0          0        367   app.o
         2          0          0          0          0        384   bsp.o
      3630        418        313         12       1372     285207   main.o
       228         22          0          0          0       1849   misc.o
        64         26        392          0       1536        800   startup_stm32f4xx.o
       604         36          0          0          0       4113   stm32f4xx_gpio.o
        24          0          0          0          0       1090   stm32f4xx_it.o
      1416         48          0         16          0      11003   stm32f4xx_rcc.o
      1050         26          0          0          0       7848   stm32f4xx_usart.o
       196         16          0          4          0      19967   system.o
       524         44          0         20          0       1691   system_stm32f4xx.o
       144          4          0          0          0       2684   time.o
       624         32          0          8       1024       3728   usart3.o

    ----------------------------------------------------------------------
      8518        672        740         60       3932     340731   Object Totals
         0          0         32          0          0          0   (incl. Generated)
        10          0          3          0          0          0   (incl. Padding)

    ----------------------------------------------------------------------

      Code (inc. data)   RO Data    RW Data    ZI Data      Debug   Library Member Name

         8          0          0          0          0         68   __main.o
       104          0          0          0          0         84   __printf.o
        52          8          0          0          0          0   __scatter.o
        26          0          0          0          0          0   __scatter_copy.o
        28          0          0          0          0          0   __scatter_zi.o
        48          6          0          0          0         96   _printf_char_common.o
         6          0          0          0          0          0   _printf_d.o
       120         18          0          0          0         92   _printf_dec.o
       184          0          0          0          0         88   _printf_intcommon.o
         0          0          0          0          0          0   _printf_percent.o
         4          0          0          0          0          0   _printf_percent_end.o
        10          0          0          0          0         68   _sputc.o
        10          0          0          0          0         68   defsig_exit.o
        50          0          0          0          0         88   defsig_general.o
        48         34          0          0          0         76   defsig_pvfn_inner.o
        14          0          0          0          0         80   defsig_pvfn_outer.o
        80         58          0          0          0         76   defsig_rtmem_inner.o
        14          0          0          0          0         80   defsig_rtmem_outer.o
        12          0          0          0          0         72   exit.o
        94          0          0          0          0         80   h1_alloc.o
        52          0          0          0          0         68   h1_extend.o
        78          0          0          0          0         80   h1_free.o
        14          0          0          0          0         84   h1_init.o
       184          0          0          0          0         92   h1_realloc.o
         6          0          0          0          0        152   heapauxi.o
         4          0          0          0          0        136   hguard.o
         0          0          0          0          0          0   indicate_semi.o
        36         10          0          0          0         80   init_aeabi.o
       138          0          0          0          0        168   init_alloc.o
         2          0          0          0          0          0   libinit.o
        18          0          0          0          0          0   libinit2.o
         2          0          0          0          0          0   libshutdown.o
         2          0          0          0          0          0   libshutdown2.o
         8          4          0          0         96         68   libspace.o
         0          0          0          0          0          0   maybetermalloc1.o
        40          6          0          0          0         84   noretval__2sprintf.o
         8          4          0          0          0         68   rt_heap_descriptor_intlibspace.o
       138          0          0          0          0         68   rt_memcpy_v6.o
       100          0          0          0          0         80   rt_memcpy_w.o
         0          0          0          0          0          0   rtentry.o
        12          0          0          0          0          0   rtentry2.o
         6          0          0          0          0          0   rtentry4.o
         2          0          0          0          0          0   rtexit.o
        10          0          0          0          0          0   rtexit2.o
        62          0          0          0          0         76   strlen.o
        12          4          0          0          0         68   sys_exit.o
        74          0          0          0          0         80   sys_stackheap_outer.o
        14          0          0          0          0         76   sys_wrch.o
         2          0          0          0          0         68   use_no_semi.o
         6          0          0          0          0         68   pure_virt.o
        10          0          0          0          0        116   fpinit.o

    ----------------------------------------------------------------------
      1962        152          0          0         96       2896   Library Totals
        10          0          0          0          0          0   (incl. Padding)

    ----------------------------------------------------------------------

      Code (inc. data)   RO Data    RW Data    ZI Data      Debug   Library Name

      1936        152          0          0         96       2712   c_w.l
         6          0          0          0          0         68   cpprt_w.l
        10          0          0          0          0        116   fz_wm.l

    ----------------------------------------------------------------------
      1962        152          0          0         96       2896   Library Totals

    ----------------------------------------------------------------------

==============================================================================


      Code (inc. data)   RO Data    RW Data    ZI Data      Debug   

     10480        824        740         60       4028     336363   Grand Totals
     10480        824        740         60       4028     336363   ELF Image Totals
     10480        824        740         60          0          0   ROM Totals

==============================================================================

    Total RO  Size (Code + RO Data)                11220 (  10.96kB)
    Total RW  Size (RW Data + ZI Data)              4088 (   3.99kB)
    Total ROM Size (Code + RO Data + RW Data)      11280 (  11.02kB)

==============================================================================

